2025-12-02 23:24:26,742 - INFO - Успішний запит для міста 'Tczew'. Температура: 2.03°C, хмарно. Час виконання: 0.67 сек.
2025-12-02 23:24:40,645 - INFO - Успішний запит для міста 'Tew'. Температура: 10.45°C, хмарно. Час виконання: 0.39 сек.
2025-12-02 23:24:48,680 - ERROR - Неуспішний запит для міста 'weqtqweyuryet'. Код: 404
2025-12-02 23:50:45,902 - INFO - Успішний запит для міста 'Kharkiv'. Температура: 2.19°C, хмарно. Час виконання: 1.05 сек.
2025-12-02 23:50:54,303 - INFO - Успішний запит для міста 'Харків'. Температура: 2.79°C, хмарно. Час виконання: 0.43 сек.
2025-12-03 09:05:54,074 - INFO - Успішний запит для міста 'Харків'. Температура: 3.23°C, чисте небо. Час виконання: 0.65 сек.
2025-12-03 09:06:08,011 - INFO - HTTP Request: POST https://api.telegram.org/bot8582855118:AAHs4R7-AIyW9BxT1P9cAIi4HLyRzcn2k3U/getMe "HTTP/1.1 200 OK"
2025-12-03 09:06:08,279 - INFO - HTTP Request: POST https://api.telegram.org/bot8582855118:AAHs4R7-AIyW9BxT1P9cAIi4HLyRzcn2k3U/deleteWebhook "HTTP/1.1 200 OK"
2025-12-03 09:06:08,281 - INFO - Application started
2025-12-03 09:06:19,234 - INFO - HTTP Request: POST https://api.telegram.org/bot8582855118:AAHs4R7-AIyW9BxT1P9cAIi4HLyRzcn2k3U/getUpdates "HTTP/1.1 200 OK"
2025-12-03 09:06:24,942 - INFO - HTTP Request: POST https://api.telegram.org/bot8582855118:AAHs4R7-AIyW9BxT1P9cAIi4HLyRzcn2k3U/getUpdates "HTTP/1.1 200 OK"
2025-12-03 09:06:25,980 - INFO - HTTP Request: POST https://api.telegram.org/bot8582855118:AAHs4R7-AIyW9BxT1P9cAIi4HLyRzcn2k3U/sendMessage "HTTP/1.1 200 OK"
2025-12-03 09:06:34,915 - INFO - HTTP Request: POST https://api.telegram.org/bot8582855118:AAHs4R7-AIyW9BxT1P9cAIi4HLyRzcn2k3U/getUpdates "HTTP/1.1 200 OK"
2025-12-03 09:06:36,710 - INFO - HTTP Request: POST https://api.telegram.org/bot8582855118:AAHs4R7-AIyW9BxT1P9cAIi4HLyRzcn2k3U/getUpdates "HTTP/1.1 200 OK"
2025-12-03 09:06:37,792 - INFO - HTTP Request: POST https://api.telegram.org/bot8582855118:AAHs4R7-AIyW9BxT1P9cAIi4HLyRzcn2k3U/sendMessage "HTTP/1.1 200 OK"
2025-12-03 09:06:47,570 - INFO - HTTP Request: POST https://api.telegram.org/bot8582855118:AAHs4R7-AIyW9BxT1P9cAIi4HLyRzcn2k3U/getUpdates "HTTP/1.1 200 OK"
2025-12-03 09:06:57,623 - INFO - HTTP Request: POST https://api.telegram.org/bot8582855118:AAHs4R7-AIyW9BxT1P9cAIi4HLyRzcn2k3U/getUpdates "HTTP/1.1 200 OK"
2025-12-03 09:07:07,732 - INFO - HTTP Request: POST https://api.telegram.org/bot8582855118:AAHs4R7-AIyW9BxT1P9cAIi4HLyRzcn2k3U/getUpdates "HTTP/1.1 200 OK"
2025-12-03 09:07:18,893 - INFO - HTTP Request: POST https://api.telegram.org/bot8582855118:AAHs4R7-AIyW9BxT1P9cAIi4HLyRzcn2k3U/getUpdates "HTTP/1.1 200 OK"
2025-12-03 09:07:29,406 - INFO - HTTP Request: POST https://api.telegram.org/bot8582855118:AAHs4R7-AIyW9BxT1P9cAIi4HLyRzcn2k3U/getUpdates "HTTP/1.1 200 OK"
2025-12-03 09:07:39,883 - INFO - HTTP Request: POST https://api.telegram.org/bot8582855118:AAHs4R7-AIyW9BxT1P9cAIi4HLyRzcn2k3U/getUpdates "HTTP/1.1 200 OK"
2025-12-03 09:07:49,941 - INFO - HTTP Request: POST https://api.telegram.org/bot8582855118:AAHs4R7-AIyW9BxT1P9cAIi4HLyRzcn2k3U/getUpdates "HTTP/1.1 200 OK"
2025-12-03 09:08:00,496 - INFO - HTTP Request: POST https://api.telegram.org/bot8582855118:AAHs4R7-AIyW9BxT1P9cAIi4HLyRzcn2k3U/getUpdates "HTTP/1.1 200 OK"
2025-12-03 09:08:11,045 - INFO - HTTP Request: POST https://api.telegram.org/bot8582855118:AAHs4R7-AIyW9BxT1P9cAIi4HLyRzcn2k3U/getUpdates "HTTP/1.1 200 OK"
2025-12-03 09:08:20,916 - INFO - HTTP Request: POST https://api.telegram.org/bot8582855118:AAHs4R7-AIyW9BxT1P9cAIi4HLyRzcn2k3U/getUpdates "HTTP/1.1 200 OK"
2025-12-03 09:08:31,507 - INFO - HTTP Request: POST https://api.telegram.org/bot8582855118:AAHs4R7-AIyW9BxT1P9cAIi4HLyRzcn2k3U/getUpdates "HTTP/1.1 200 OK"
2025-12-03 09:08:42,073 - INFO - HTTP Request: POST https://api.telegram.org/bot8582855118:AAHs4R7-AIyW9BxT1P9cAIi4HLyRzcn2k3U/getUpdates "HTTP/1.1 200 OK"
2025-12-03 09:08:51,924 - INFO - HTTP Request: POST https://api.telegram.org/bot8582855118:AAHs4R7-AIyW9BxT1P9cAIi4HLyRzcn2k3U/getUpdates "HTTP/1.1 200 OK"
2025-12-03 09:09:02,545 - INFO - HTTP Request: POST https://api.telegram.org/bot8582855118:AAHs4R7-AIyW9BxT1P9cAIi4HLyRzcn2k3U/getUpdates "HTTP/1.1 200 OK"
2025-12-03 09:09:13,082 - INFO - HTTP Request: POST https://api.telegram.org/bot8582855118:AAHs4R7-AIyW9BxT1P9cAIi4HLyRzcn2k3U/getUpdates "HTTP/1.1 200 OK"
2025-12-03 09:09:22,944 - INFO - HTTP Request: POST https://api.telegram.org/bot8582855118:AAHs4R7-AIyW9BxT1P9cAIi4HLyRzcn2k3U/getUpdates "HTTP/1.1 200 OK"
2025-12-03 09:09:33,491 - INFO - HTTP Request: POST https://api.telegram.org/bot8582855118:AAHs4R7-AIyW9BxT1P9cAIi4HLyRzcn2k3U/getUpdates "HTTP/1.1 200 OK"
2025-12-03 09:09:43,870 - INFO - HTTP Request: POST https://api.telegram.org/bot8582855118:AAHs4R7-AIyW9BxT1P9cAIi4HLyRzcn2k3U/getUpdates "HTTP/1.1 200 OK"
2025-12-03 09:09:53,583 - INFO - HTTP Request: POST https://api.telegram.org/bot8582855118:AAHs4R7-AIyW9BxT1P9cAIi4HLyRzcn2k3U/getUpdates "HTTP/1.1 200 OK"
2025-12-03 09:10:03,624 - INFO - HTTP Request: POST https://api.telegram.org/bot8582855118:AAHs4R7-AIyW9BxT1P9cAIi4HLyRzcn2k3U/getUpdates "HTTP/1.1 200 OK"
2025-12-03 09:10:13,619 - INFO - HTTP Request: POST https://api.telegram.org/bot8582855118:AAHs4R7-AIyW9BxT1P9cAIi4HLyRzcn2k3U/getUpdates "HTTP/1.1 200 OK"
2025-12-03 09:10:23,521 - INFO - HTTP Request: POST https://api.telegram.org/bot8582855118:AAHs4R7-AIyW9BxT1P9cAIi4HLyRzcn2k3U/getUpdates "HTTP/1.1 200 OK"
2025-12-03 09:10:34,775 - INFO - HTTP Request: POST https://api.telegram.org/bot8582855118:AAHs4R7-AIyW9BxT1P9cAIi4HLyRzcn2k3U/getUpdates "HTTP/1.1 200 OK"
2025-12-03 09:10:44,783 - INFO - HTTP Request: POST https://api.telegram.org/bot8582855118:AAHs4R7-AIyW9BxT1P9cAIi4HLyRzcn2k3U/getUpdates "HTTP/1.1 200 OK"
2025-12-03 09:10:54,628 - INFO - HTTP Request: POST https://api.telegram.org/bot8582855118:AAHs4R7-AIyW9BxT1P9cAIi4HLyRzcn2k3U/getUpdates "HTTP/1.1 200 OK"
2025-12-03 09:11:06,089 - INFO - HTTP Request: POST https://api.telegram.org/bot8582855118:AAHs4R7-AIyW9BxT1P9cAIi4HLyRzcn2k3U/getUpdates "HTTP/1.1 200 OK"
2025-12-03 09:11:17,439 - INFO - HTTP Request: POST https://api.telegram.org/bot8582855118:AAHs4R7-AIyW9BxT1P9cAIi4HLyRzcn2k3U/getUpdates "HTTP/1.1 200 OK"
2025-12-03 09:11:27,670 - INFO - HTTP Request: POST https://api.telegram.org/bot8582855118:AAHs4R7-AIyW9BxT1P9cAIi4HLyRzcn2k3U/getUpdates "HTTP/1.1 200 OK"
2025-12-03 09:11:37,326 - INFO - HTTP Request: POST https://api.telegram.org/bot8582855118:AAHs4R7-AIyW9BxT1P9cAIi4HLyRzcn2k3U/getUpdates "HTTP/1.1 200 OK"
2025-12-03 09:11:48,353 - INFO - HTTP Request: POST https://api.telegram.org/bot8582855118:AAHs4R7-AIyW9BxT1P9cAIi4HLyRzcn2k3U/getUpdates "HTTP/1.1 200 OK"
2025-12-03 09:11:59,244 - INFO - HTTP Request: POST https://api.telegram.org/bot8582855118:AAHs4R7-AIyW9BxT1P9cAIi4HLyRzcn2k3U/getUpdates "HTTP/1.1 200 OK"
2025-12-03 09:12:08,365 - INFO - HTTP Request: POST https://api.telegram.org/bot8582855118:AAHs4R7-AIyW9BxT1P9cAIi4HLyRzcn2k3U/getUpdates "HTTP/1.1 200 OK"
2025-12-03 09:12:18,211 - INFO - HTTP Request: POST https://api.telegram.org/bot8582855118:AAHs4R7-AIyW9BxT1P9cAIi4HLyRzcn2k3U/getUpdates "HTTP/1.1 200 OK"
2025-12-03 09:12:28,428 - INFO - HTTP Request: POST https://api.telegram.org/bot8582855118:AAHs4R7-AIyW9BxT1P9cAIi4HLyRzcn2k3U/getUpdates "HTTP/1.1 200 OK"
2025-12-03 09:12:39,059 - INFO - HTTP Request: POST https://api.telegram.org/bot8582855118:AAHs4R7-AIyW9BxT1P9cAIi4HLyRzcn2k3U/getUpdates "HTTP/1.1 200 OK"
2025-12-03 09:12:48,793 - INFO - HTTP Request: POST https://api.telegram.org/bot8582855118:AAHs4R7-AIyW9BxT1P9cAIi4HLyRzcn2k3U/getUpdates "HTTP/1.1 200 OK"
2025-12-03 09:12:59,208 - INFO - HTTP Request: POST https://api.telegram.org/bot8582855118:AAHs4R7-AIyW9BxT1P9cAIi4HLyRzcn2k3U/getUpdates "HTTP/1.1 200 OK"
2025-12-03 09:13:10,012 - INFO - HTTP Request: POST https://api.telegram.org/bot8582855118:AAHs4R7-AIyW9BxT1P9cAIi4HLyRzcn2k3U/getUpdates "HTTP/1.1 200 OK"
2025-12-03 09:13:20,195 - INFO - HTTP Request: POST https://api.telegram.org/bot8582855118:AAHs4R7-AIyW9BxT1P9cAIi4HLyRzcn2k3U/getUpdates "HTTP/1.1 200 OK"
2025-12-03 09:13:30,325 - INFO - HTTP Request: POST https://api.telegram.org/bot8582855118:AAHs4R7-AIyW9BxT1P9cAIi4HLyRzcn2k3U/getUpdates "HTTP/1.1 200 OK"
2025-12-03 09:13:41,060 - INFO - HTTP Request: POST https://api.telegram.org/bot8582855118:AAHs4R7-AIyW9BxT1P9cAIi4HLyRzcn2k3U/getUpdates "HTTP/1.1 200 OK"
2025-12-03 09:13:51,326 - INFO - HTTP Request: POST https://api.telegram.org/bot8582855118:AAHs4R7-AIyW9BxT1P9cAIi4HLyRzcn2k3U/getUpdates "HTTP/1.1 200 OK"
2025-12-03 09:14:01,581 - INFO - HTTP Request: POST https://api.telegram.org/bot8582855118:AAHs4R7-AIyW9BxT1P9cAIi4HLyRzcn2k3U/getUpdates "HTTP/1.1 200 OK"
2025-12-03 09:14:11,847 - INFO - HTTP Request: POST https://api.telegram.org/bot8582855118:AAHs4R7-AIyW9BxT1P9cAIi4HLyRzcn2k3U/getUpdates "HTTP/1.1 200 OK"
2025-12-03 09:14:22,177 - INFO - HTTP Request: POST https://api.telegram.org/bot8582855118:AAHs4R7-AIyW9BxT1P9cAIi4HLyRzcn2k3U/getUpdates "HTTP/1.1 200 OK"
2025-12-03 09:14:32,200 - INFO - HTTP Request: POST https://api.telegram.org/bot8582855118:AAHs4R7-AIyW9BxT1P9cAIi4HLyRzcn2k3U/getUpdates "HTTP/1.1 200 OK"
2025-12-03 09:14:43,148 - INFO - HTTP Request: POST https://api.telegram.org/bot8582855118:AAHs4R7-AIyW9BxT1P9cAIi4HLyRzcn2k3U/getUpdates "HTTP/1.1 200 OK"
2025-12-03 09:14:54,019 - INFO - HTTP Request: POST https://api.telegram.org/bot8582855118:AAHs4R7-AIyW9BxT1P9cAIi4HLyRzcn2k3U/getUpdates "HTTP/1.1 200 OK"
2025-12-03 09:15:05,585 - INFO - HTTP Request: POST https://api.telegram.org/bot8582855118:AAHs4R7-AIyW9BxT1P9cAIi4HLyRzcn2k3U/getUpdates "HTTP/1.1 200 OK"
2025-12-03 09:15:15,910 - INFO - HTTP Request: POST https://api.telegram.org/bot8582855118:AAHs4R7-AIyW9BxT1P9cAIi4HLyRzcn2k3U/getUpdates "HTTP/1.1 200 OK"
2025-12-03 09:15:24,217 - INFO - HTTP Request: POST https://api.telegram.org/bot8582855118:AAHs4R7-AIyW9BxT1P9cAIi4HLyRzcn2k3U/getUpdates "HTTP/1.1 200 OK"
2025-12-03 09:15:34,303 - INFO - HTTP Request: POST https://api.telegram.org/bot8582855118:AAHs4R7-AIyW9BxT1P9cAIi4HLyRzcn2k3U/getUpdates "HTTP/1.1 200 OK"
2025-12-03 09:15:44,542 - INFO - HTTP Request: POST https://api.telegram.org/bot8582855118:AAHs4R7-AIyW9BxT1P9cAIi4HLyRzcn2k3U/getUpdates "HTTP/1.1 200 OK"
2025-12-03 09:15:55,389 - INFO - HTTP Request: POST https://api.telegram.org/bot8582855118:AAHs4R7-AIyW9BxT1P9cAIi4HLyRzcn2k3U/getUpdates "HTTP/1.1 200 OK"
2025-12-03 09:16:05,630 - INFO - HTTP Request: POST https://api.telegram.org/bot8582855118:AAHs4R7-AIyW9BxT1P9cAIi4HLyRzcn2k3U/getUpdates "HTTP/1.1 200 OK"
2025-12-03 09:16:15,889 - INFO - HTTP Request: POST https://api.telegram.org/bot8582855118:AAHs4R7-AIyW9BxT1P9cAIi4HLyRzcn2k3U/getUpdates "HTTP/1.1 200 OK"
2025-12-03 09:16:26,171 - INFO - HTTP Request: POST https://api.telegram.org/bot8582855118:AAHs4R7-AIyW9BxT1P9cAIi4HLyRzcn2k3U/getUpdates "HTTP/1.1 200 OK"
2025-12-03 09:16:36,614 - INFO - HTTP Request: POST https://api.telegram.org/bot8582855118:AAHs4R7-AIyW9BxT1P9cAIi4HLyRzcn2k3U/getUpdates "HTTP/1.1 200 OK"
2025-12-03 09:16:46,422 - INFO - HTTP Request: POST https://api.telegram.org/bot8582855118:AAHs4R7-AIyW9BxT1P9cAIi4HLyRzcn2k3U/getUpdates "HTTP/1.1 200 OK"
2025-12-03 09:16:57,405 - INFO - HTTP Request: POST https://api.telegram.org/bot8582855118:AAHs4R7-AIyW9BxT1P9cAIi4HLyRzcn2k3U/getUpdates "HTTP/1.1 200 OK"
2025-12-03 09:17:07,726 - INFO - HTTP Request: POST https://api.telegram.org/bot8582855118:AAHs4R7-AIyW9BxT1P9cAIi4HLyRzcn2k3U/getUpdates "HTTP/1.1 200 OK"
2025-12-03 09:17:18,028 - INFO - HTTP Request: POST https://api.telegram.org/bot8582855118:AAHs4R7-AIyW9BxT1P9cAIi4HLyRzcn2k3U/getUpdates "HTTP/1.1 200 OK"
2025-12-03 09:17:28,189 - INFO - HTTP Request: POST https://api.telegram.org/bot8582855118:AAHs4R7-AIyW9BxT1P9cAIi4HLyRzcn2k3U/getUpdates "HTTP/1.1 200 OK"
2025-12-03 09:17:38,855 - INFO - HTTP Request: POST https://api.telegram.org/bot8582855118:AAHs4R7-AIyW9BxT1P9cAIi4HLyRzcn2k3U/getUpdates "HTTP/1.1 200 OK"
2025-12-03 09:17:49,217 - INFO - HTTP Request: POST https://api.telegram.org/bot8582855118:AAHs4R7-AIyW9BxT1P9cAIi4HLyRzcn2k3U/getUpdates "HTTP/1.1 200 OK"
2025-12-03 09:17:59,284 - INFO - HTTP Request: POST https://api.telegram.org/bot8582855118:AAHs4R7-AIyW9BxT1P9cAIi4HLyRzcn2k3U/getUpdates "HTTP/1.1 200 OK"
2025-12-03 09:18:09,758 - INFO - HTTP Request: POST https://api.telegram.org/bot8582855118:AAHs4R7-AIyW9BxT1P9cAIi4HLyRzcn2k3U/getUpdates "HTTP/1.1 200 OK"
2025-12-03 09:18:20,570 - INFO - HTTP Request: POST https://api.telegram.org/bot8582855118:AAHs4R7-AIyW9BxT1P9cAIi4HLyRzcn2k3U/getUpdates "HTTP/1.1 200 OK"
2025-12-03 09:18:30,552 - INFO - HTTP Request: POST https://api.telegram.org/bot8582855118:AAHs4R7-AIyW9BxT1P9cAIi4HLyRzcn2k3U/getUpdates "HTTP/1.1 200 OK"
2025-12-03 09:18:41,165 - INFO - HTTP Request: POST https://api.telegram.org/bot8582855118:AAHs4R7-AIyW9BxT1P9cAIi4HLyRzcn2k3U/getUpdates "HTTP/1.1 200 OK"
2025-12-03 09:18:52,031 - INFO - HTTP Request: POST https://api.telegram.org/bot8582855118:AAHs4R7-AIyW9BxT1P9cAIi4HLyRzcn2k3U/getUpdates "HTTP/1.1 200 OK"
2025-12-03 09:19:02,143 - INFO - HTTP Request: POST https://api.telegram.org/bot8582855118:AAHs4R7-AIyW9BxT1P9cAIi4HLyRzcn2k3U/getUpdates "HTTP/1.1 200 OK"
2025-12-03 09:19:12,175 - INFO - HTTP Request: POST https://api.telegram.org/bot8582855118:AAHs4R7-AIyW9BxT1P9cAIi4HLyRzcn2k3U/getUpdates "HTTP/1.1 200 OK"
2025-12-03 09:19:23,143 - INFO - HTTP Request: POST https://api.telegram.org/bot8582855118:AAHs4R7-AIyW9BxT1P9cAIi4HLyRzcn2k3U/getUpdates "HTTP/1.1 200 OK"
2025-12-03 09:19:33,570 - INFO - HTTP Request: POST https://api.telegram.org/bot8582855118:AAHs4R7-AIyW9BxT1P9cAIi4HLyRzcn2k3U/getUpdates "HTTP/1.1 200 OK"
2025-12-03 09:19:43,245 - INFO - HTTP Request: POST https://api.telegram.org/bot8582855118:AAHs4R7-AIyW9BxT1P9cAIi4HLyRzcn2k3U/getUpdates "HTTP/1.1 200 OK"
2025-12-03 09:19:53,047 - INFO - HTTP Request: POST https://api.telegram.org/bot8582855118:AAHs4R7-AIyW9BxT1P9cAIi4HLyRzcn2k3U/getUpdates "HTTP/1.1 200 OK"
2025-12-03 09:20:03,364 - INFO - HTTP Request: POST https://api.telegram.org/bot8582855118:AAHs4R7-AIyW9BxT1P9cAIi4HLyRzcn2k3U/getUpdates "HTTP/1.1 200 OK"
2025-12-03 09:20:14,152 - INFO - HTTP Request: POST https://api.telegram.org/bot8582855118:AAHs4R7-AIyW9BxT1P9cAIi4HLyRzcn2k3U/getUpdates "HTTP/1.1 200 OK"
2025-12-03 09:20:24,206 - INFO - HTTP Request: POST https://api.telegram.org/bot8582855118:AAHs4R7-AIyW9BxT1P9cAIi4HLyRzcn2k3U/getUpdates "HTTP/1.1 200 OK"
2025-12-03 09:20:34,552 - INFO - HTTP Request: POST https://api.telegram.org/bot8582855118:AAHs4R7-AIyW9BxT1P9cAIi4HLyRzcn2k3U/getUpdates "HTTP/1.1 200 OK"
2025-12-03 09:20:44,883 - INFO - HTTP Request: POST https://api.telegram.org/bot8582855118:AAHs4R7-AIyW9BxT1P9cAIi4HLyRzcn2k3U/getUpdates "HTTP/1.1 200 OK"
2025-12-03 09:20:55,068 - INFO - HTTP Request: POST https://api.telegram.org/bot8582855118:AAHs4R7-AIyW9BxT1P9cAIi4HLyRzcn2k3U/getUpdates "HTTP/1.1 200 OK"
2025-12-03 09:21:05,417 - INFO - HTTP Request: POST https://api.telegram.org/bot8582855118:AAHs4R7-AIyW9BxT1P9cAIi4HLyRzcn2k3U/getUpdates "HTTP/1.1 200 OK"
2025-12-03 09:21:15,574 - INFO - HTTP Request: POST https://api.telegram.org/bot8582855118:AAHs4R7-AIyW9BxT1P9cAIi4HLyRzcn2k3U/getUpdates "HTTP/1.1 200 OK"
2025-12-03 09:21:25,444 - INFO - HTTP Request: POST https://api.telegram.org/bot8582855118:AAHs4R7-AIyW9BxT1P9cAIi4HLyRzcn2k3U/getUpdates "HTTP/1.1 200 OK"
2025-12-03 09:21:35,774 - INFO - HTTP Request: POST https://api.telegram.org/bot8582855118:AAHs4R7-AIyW9BxT1P9cAIi4HLyRzcn2k3U/getUpdates "HTTP/1.1 200 OK"
2025-12-03 09:21:46,904 - INFO - HTTP Request: POST https://api.telegram.org/bot8582855118:AAHs4R7-AIyW9BxT1P9cAIi4HLyRzcn2k3U/getUpdates "HTTP/1.1 200 OK"
2025-12-03 09:21:56,952 - INFO - HTTP Request: POST https://api.telegram.org/bot8582855118:AAHs4R7-AIyW9BxT1P9cAIi4HLyRzcn2k3U/getUpdates "HTTP/1.1 200 OK"
2025-12-03 09:22:07,320 - INFO - HTTP Request: POST https://api.telegram.org/bot8582855118:AAHs4R7-AIyW9BxT1P9cAIi4HLyRzcn2k3U/getUpdates "HTTP/1.1 200 OK"
2025-12-03 09:22:17,628 - INFO - HTTP Request: POST https://api.telegram.org/bot8582855118:AAHs4R7-AIyW9BxT1P9cAIi4HLyRzcn2k3U/getUpdates "HTTP/1.1 200 OK"
2025-12-03 09:22:27,657 - INFO - HTTP Request: POST https://api.telegram.org/bot8582855118:AAHs4R7-AIyW9BxT1P9cAIi4HLyRzcn2k3U/getUpdates "HTTP/1.1 200 OK"
2025-12-03 09:22:38,033 - INFO - HTTP Request: POST https://api.telegram.org/bot8582855118:AAHs4R7-AIyW9BxT1P9cAIi4HLyRzcn2k3U/getUpdates "HTTP/1.1 200 OK"
2025-12-03 09:22:48,842 - INFO - HTTP Request: POST https://api.telegram.org/bot8582855118:AAHs4R7-AIyW9BxT1P9cAIi4HLyRzcn2k3U/getUpdates "HTTP/1.1 200 OK"
2025-12-03 09:22:58,895 - INFO - HTTP Request: POST https://api.telegram.org/bot8582855118:AAHs4R7-AIyW9BxT1P9cAIi4HLyRzcn2k3U/getUpdates "HTTP/1.1 200 OK"
2025-12-03 09:23:09,168 - INFO - HTTP Request: POST https://api.telegram.org/bot8582855118:AAHs4R7-AIyW9BxT1P9cAIi4HLyRzcn2k3U/getUpdates "HTTP/1.1 200 OK"
2025-12-03 09:23:20,120 - INFO - HTTP Request: POST https://api.telegram.org/bot8582855118:AAHs4R7-AIyW9BxT1P9cAIi4HLyRzcn2k3U/getUpdates "HTTP/1.1 200 OK"
2025-12-03 09:23:30,789 - INFO - HTTP Request: POST https://api.telegram.org/bot8582855118:AAHs4R7-AIyW9BxT1P9cAIi4HLyRzcn2k3U/getUpdates "HTTP/1.1 200 OK"
2025-12-03 09:23:41,129 - INFO - HTTP Request: POST https://api.telegram.org/bot8582855118:AAHs4R7-AIyW9BxT1P9cAIi4HLyRzcn2k3U/getUpdates "HTTP/1.1 200 OK"
2025-12-03 09:23:51,384 - INFO - HTTP Request: POST https://api.telegram.org/bot8582855118:AAHs4R7-AIyW9BxT1P9cAIi4HLyRzcn2k3U/getUpdates "HTTP/1.1 200 OK"
2025-12-03 09:24:02,129 - INFO - HTTP Request: POST https://api.telegram.org/bot8582855118:AAHs4R7-AIyW9BxT1P9cAIi4HLyRzcn2k3U/getUpdates "HTTP/1.1 200 OK"
2025-12-03 09:24:12,958 - INFO - HTTP Request: POST https://api.telegram.org/bot8582855118:AAHs4R7-AIyW9BxT1P9cAIi4HLyRzcn2k3U/getUpdates "HTTP/1.1 200 OK"
2025-12-03 09:24:23,890 - INFO - HTTP Request: POST https://api.telegram.org/bot8582855118:AAHs4R7-AIyW9BxT1P9cAIi4HLyRzcn2k3U/getUpdates "HTTP/1.1 200 OK"
2025-12-03 09:24:33,772 - INFO - HTTP Request: POST https://api.telegram.org/bot8582855118:AAHs4R7-AIyW9BxT1P9cAIi4HLyRzcn2k3U/getUpdates "HTTP/1.1 200 OK"
2025-12-03 09:24:45,003 - INFO - HTTP Request: POST https://api.telegram.org/bot8582855118:AAHs4R7-AIyW9BxT1P9cAIi4HLyRzcn2k3U/getUpdates "HTTP/1.1 200 OK"
2025-12-03 09:24:55,005 - INFO - HTTP Request: POST https://api.telegram.org/bot8582855118:AAHs4R7-AIyW9BxT1P9cAIi4HLyRzcn2k3U/getUpdates "HTTP/1.1 200 OK"
2025-12-03 09:25:04,111 - INFO - HTTP Request: POST https://api.telegram.org/bot8582855118:AAHs4R7-AIyW9BxT1P9cAIi4HLyRzcn2k3U/getUpdates "HTTP/1.1 200 OK"
2025-12-03 09:25:14,168 - INFO - HTTP Request: POST https://api.telegram.org/bot8582855118:AAHs4R7-AIyW9BxT1P9cAIi4HLyRzcn2k3U/getUpdates "HTTP/1.1 200 OK"
2025-12-03 09:25:24,453 - INFO - HTTP Request: POST https://api.telegram.org/bot8582855118:AAHs4R7-AIyW9BxT1P9cAIi4HLyRzcn2k3U/getUpdates "HTTP/1.1 200 OK"
2025-12-03 09:25:35,010 - INFO - HTTP Request: POST https://api.telegram.org/bot8582855118:AAHs4R7-AIyW9BxT1P9cAIi4HLyRzcn2k3U/getUpdates "HTTP/1.1 200 OK"
2025-12-03 09:25:45,149 - INFO - HTTP Request: POST https://api.telegram.org/bot8582855118:AAHs4R7-AIyW9BxT1P9cAIi4HLyRzcn2k3U/getUpdates "HTTP/1.1 200 OK"
2025-12-03 09:25:55,449 - INFO - HTTP Request: POST https://api.telegram.org/bot8582855118:AAHs4R7-AIyW9BxT1P9cAIi4HLyRzcn2k3U/getUpdates "HTTP/1.1 200 OK"
2025-12-03 09:26:06,237 - INFO - HTTP Request: POST https://api.telegram.org/bot8582855118:AAHs4R7-AIyW9BxT1P9cAIi4HLyRzcn2k3U/getUpdates "HTTP/1.1 200 OK"
2025-12-03 09:26:16,363 - INFO - HTTP Request: POST https://api.telegram.org/bot8582855118:AAHs4R7-AIyW9BxT1P9cAIi4HLyRzcn2k3U/getUpdates "HTTP/1.1 200 OK"
2025-12-03 09:26:26,542 - INFO - HTTP Request: POST https://api.telegram.org/bot8582855118:AAHs4R7-AIyW9BxT1P9cAIi4HLyRzcn2k3U/getUpdates "HTTP/1.1 200 OK"
2025-12-03 09:26:37,294 - INFO - HTTP Request: POST https://api.telegram.org/bot8582855118:AAHs4R7-AIyW9BxT1P9cAIi4HLyRzcn2k3U/getUpdates "HTTP/1.1 200 OK"
2025-12-03 09:26:47,572 - INFO - HTTP Request: POST https://api.telegram.org/bot8582855118:AAHs4R7-AIyW9BxT1P9cAIi4HLyRzcn2k3U/getUpdates "HTTP/1.1 200 OK"
2025-12-03 09:26:57,263 - INFO - HTTP Request: POST https://api.telegram.org/bot8582855118:AAHs4R7-AIyW9BxT1P9cAIi4HLyRzcn2k3U/getUpdates "HTTP/1.1 200 OK"
2025-12-03 09:27:08,167 - INFO - HTTP Request: POST https://api.telegram.org/bot8582855118:AAHs4R7-AIyW9BxT1P9cAIi4HLyRzcn2k3U/getUpdates "HTTP/1.1 200 OK"
2025-12-03 09:27:19,222 - INFO - HTTP Request: POST https://api.telegram.org/bot8582855118:AAHs4R7-AIyW9BxT1P9cAIi4HLyRzcn2k3U/getUpdates "HTTP/1.1 200 OK"
2025-12-03 09:27:29,849 - INFO - HTTP Request: POST https://api.telegram.org/bot8582855118:AAHs4R7-AIyW9BxT1P9cAIi4HLyRzcn2k3U/getUpdates "HTTP/1.1 200 OK"
2025-12-03 09:27:39,370 - INFO - HTTP Request: POST https://api.telegram.org/bot8582855118:AAHs4R7-AIyW9BxT1P9cAIi4HLyRzcn2k3U/getUpdates "HTTP/1.1 200 OK"
2025-12-03 09:27:50,211 - INFO - HTTP Request: POST https://api.telegram.org/bot8582855118:AAHs4R7-AIyW9BxT1P9cAIi4HLyRzcn2k3U/getUpdates "HTTP/1.1 200 OK"
2025-12-03 09:28:00,770 - INFO - HTTP Request: POST https://api.telegram.org/bot8582855118:AAHs4R7-AIyW9BxT1P9cAIi4HLyRzcn2k3U/getUpdates "HTTP/1.1 200 OK"
2025-12-03 09:28:10,209 - INFO - HTTP Request: POST https://api.telegram.org/bot8582855118:AAHs4R7-AIyW9BxT1P9cAIi4HLyRzcn2k3U/getUpdates "HTTP/1.1 200 OK"
2025-12-03 09:28:20,402 - INFO - HTTP Request: POST https://api.telegram.org/bot8582855118:AAHs4R7-AIyW9BxT1P9cAIi4HLyRzcn2k3U/getUpdates "HTTP/1.1 200 OK"
2025-12-03 09:28:30,432 - INFO - HTTP Request: POST https://api.telegram.org/bot8582855118:AAHs4R7-AIyW9BxT1P9cAIi4HLyRzcn2k3U/getUpdates "HTTP/1.1 200 OK"
2025-12-03 09:28:40,672 - INFO - HTTP Request: POST https://api.telegram.org/bot8582855118:AAHs4R7-AIyW9BxT1P9cAIi4HLyRzcn2k3U/getUpdates "HTTP/1.1 200 OK"
2025-12-03 09:28:50,947 - INFO - HTTP Request: POST https://api.telegram.org/bot8582855118:AAHs4R7-AIyW9BxT1P9cAIi4HLyRzcn2k3U/getUpdates "HTTP/1.1 200 OK"
2025-12-03 09:29:01,063 - INFO - HTTP Request: POST https://api.telegram.org/bot8582855118:AAHs4R7-AIyW9BxT1P9cAIi4HLyRzcn2k3U/getUpdates "HTTP/1.1 200 OK"
2025-12-03 09:29:11,403 - INFO - HTTP Request: POST https://api.telegram.org/bot8582855118:AAHs4R7-AIyW9BxT1P9cAIi4HLyRzcn2k3U/getUpdates "HTTP/1.1 200 OK"
2025-12-03 09:29:22,405 - INFO - HTTP Request: POST https://api.telegram.org/bot8582855118:AAHs4R7-AIyW9BxT1P9cAIi4HLyRzcn2k3U/getUpdates "HTTP/1.1 200 OK"
2025-12-03 09:29:32,606 - INFO - HTTP Request: POST https://api.telegram.org/bot8582855118:AAHs4R7-AIyW9BxT1P9cAIi4HLyRzcn2k3U/getUpdates "HTTP/1.1 200 OK"
2025-12-03 09:29:43,543 - INFO - HTTP Request: POST https://api.telegram.org/bot8582855118:AAHs4R7-AIyW9BxT1P9cAIi4HLyRzcn2k3U/getUpdates "HTTP/1.1 200 OK"
2025-12-03 09:29:53,163 - INFO - HTTP Request: POST https://api.telegram.org/bot8582855118:AAHs4R7-AIyW9BxT1P9cAIi4HLyRzcn2k3U/getUpdates "HTTP/1.1 200 OK"
2025-12-03 09:30:03,354 - INFO - HTTP Request: POST https://api.telegram.org/bot8582855118:AAHs4R7-AIyW9BxT1P9cAIi4HLyRzcn2k3U/getUpdates "HTTP/1.1 200 OK"
2025-12-03 09:30:13,412 - INFO - HTTP Request: POST https://api.telegram.org/bot8582855118:AAHs4R7-AIyW9BxT1P9cAIi4HLyRzcn2k3U/getUpdates "HTTP/1.1 200 OK"
2025-12-03 09:30:23,996 - INFO - HTTP Request: POST https://api.telegram.org/bot8582855118:AAHs4R7-AIyW9BxT1P9cAIi4HLyRzcn2k3U/getUpdates "HTTP/1.1 200 OK"
2025-12-03 09:30:34,036 - INFO - HTTP Request: POST https://api.telegram.org/bot8582855118:AAHs4R7-AIyW9BxT1P9cAIi4HLyRzcn2k3U/getUpdates "HTTP/1.1 200 OK"
2025-12-03 09:30:43,827 - INFO - HTTP Request: POST https://api.telegram.org/bot8582855118:AAHs4R7-AIyW9BxT1P9cAIi4HLyRzcn2k3U/getUpdates "HTTP/1.1 200 OK"
2025-12-03 09:30:55,169 - INFO - HTTP Request: POST https://api.telegram.org/bot8582855118:AAHs4R7-AIyW9BxT1P9cAIi4HLyRzcn2k3U/getUpdates "HTTP/1.1 200 OK"
2025-12-03 09:31:05,774 - INFO - HTTP Request: POST https://api.telegram.org/bot8582855118:AAHs4R7-AIyW9BxT1P9cAIi4HLyRzcn2k3U/getUpdates "HTTP/1.1 200 OK"
2025-12-03 09:31:16,387 - INFO - HTTP Request: POST https://api.telegram.org/bot8582855118:AAHs4R7-AIyW9BxT1P9cAIi4HLyRzcn2k3U/getUpdates "HTTP/1.1 200 OK"
2025-12-03 09:31:26,219 - INFO - HTTP Request: POST https://api.telegram.org/bot8582855118:AAHs4R7-AIyW9BxT1P9cAIi4HLyRzcn2k3U/getUpdates "HTTP/1.1 200 OK"
2025-12-03 09:31:37,063 - INFO - HTTP Request: POST https://api.telegram.org/bot8582855118:AAHs4R7-AIyW9BxT1P9cAIi4HLyRzcn2k3U/getUpdates "HTTP/1.1 200 OK"
2025-12-03 09:31:47,762 - INFO - HTTP Request: POST https://api.telegram.org/bot8582855118:AAHs4R7-AIyW9BxT1P9cAIi4HLyRzcn2k3U/getUpdates "HTTP/1.1 200 OK"
2025-12-03 09:31:58,679 - INFO - HTTP Request: POST https://api.telegram.org/bot8582855118:AAHs4R7-AIyW9BxT1P9cAIi4HLyRzcn2k3U/getUpdates "HTTP/1.1 200 OK"
2025-12-03 09:32:08,636 - INFO - HTTP Request: POST https://api.telegram.org/bot8582855118:AAHs4R7-AIyW9BxT1P9cAIi4HLyRzcn2k3U/getUpdates "HTTP/1.1 200 OK"
2025-12-03 09:32:17,595 - INFO - HTTP Request: POST https://api.telegram.org/bot8582855118:AAHs4R7-AIyW9BxT1P9cAIi4HLyRzcn2k3U/getUpdates "HTTP/1.1 200 OK"
2025-12-03 09:32:27,707 - INFO - HTTP Request: POST https://api.telegram.org/bot8582855118:AAHs4R7-AIyW9BxT1P9cAIi4HLyRzcn2k3U/getUpdates "HTTP/1.1 200 OK"
2025-12-03 09:32:38,011 - INFO - HTTP Request: POST https://api.telegram.org/bot8582855118:AAHs4R7-AIyW9BxT1P9cAIi4HLyRzcn2k3U/getUpdates "HTTP/1.1 200 OK"
2025-12-03 09:32:48,774 - INFO - HTTP Request: POST https://api.telegram.org/bot8582855118:AAHs4R7-AIyW9BxT1P9cAIi4HLyRzcn2k3U/getUpdates "HTTP/1.1 200 OK"
2025-12-03 09:32:57,722 - INFO - HTTP Request: POST https://api.telegram.org/bot8582855118:AAHs4R7-AIyW9BxT1P9cAIi4HLyRzcn2k3U/getUpdates "HTTP/1.1 200 OK"
2025-12-03 09:33:08,118 - INFO - HTTP Request: POST https://api.telegram.org/bot8582855118:AAHs4R7-AIyW9BxT1P9cAIi4HLyRzcn2k3U/getUpdates "HTTP/1.1 200 OK"
2025-12-03 09:33:19,892 - INFO - HTTP Request: POST https://api.telegram.org/bot8582855118:AAHs4R7-AIyW9BxT1P9cAIi4HLyRzcn2k3U/getUpdates "HTTP/1.1 200 OK"
2025-12-03 09:33:29,911 - INFO - HTTP Request: POST https://api.telegram.org/bot8582855118:AAHs4R7-AIyW9BxT1P9cAIi4HLyRzcn2k3U/getUpdates "HTTP/1.1 200 OK"
2025-12-03 09:33:40,789 - INFO - HTTP Request: POST https://api.telegram.org/bot8582855118:AAHs4R7-AIyW9BxT1P9cAIi4HLyRzcn2k3U/getUpdates "HTTP/1.1 200 OK"
2025-12-03 09:33:51,045 - INFO - HTTP Request: POST https://api.telegram.org/bot8582855118:AAHs4R7-AIyW9BxT1P9cAIi4HLyRzcn2k3U/getUpdates "HTTP/1.1 200 OK"
2025-12-03 09:34:01,631 - INFO - HTTP Request: POST https://api.telegram.org/bot8582855118:AAHs4R7-AIyW9BxT1P9cAIi4HLyRzcn2k3U/getUpdates "HTTP/1.1 200 OK"
2025-12-03 09:34:12,582 - INFO - HTTP Request: POST https://api.telegram.org/bot8582855118:AAHs4R7-AIyW9BxT1P9cAIi4HLyRzcn2k3U/getUpdates "HTTP/1.1 200 OK"
2025-12-03 09:34:21,881 - INFO - HTTP Request: POST https://api.telegram.org/bot8582855118:AAHs4R7-AIyW9BxT1P9cAIi4HLyRzcn2k3U/getUpdates "HTTP/1.1 200 OK"
2025-12-03 09:34:32,485 - INFO - HTTP Request: POST https://api.telegram.org/bot8582855118:AAHs4R7-AIyW9BxT1P9cAIi4HLyRzcn2k3U/getUpdates "HTTP/1.1 200 OK"
2025-12-03 09:34:42,836 - INFO - HTTP Request: POST https://api.telegram.org/bot8582855118:AAHs4R7-AIyW9BxT1P9cAIi4HLyRzcn2k3U/getUpdates "HTTP/1.1 200 OK"
2025-12-03 09:34:52,974 - INFO - HTTP Request: POST https://api.telegram.org/bot8582855118:AAHs4R7-AIyW9BxT1P9cAIi4HLyRzcn2k3U/getUpdates "HTTP/1.1 200 OK"
2025-12-03 09:35:03,064 - INFO - HTTP Request: POST https://api.telegram.org/bot8582855118:AAHs4R7-AIyW9BxT1P9cAIi4HLyRzcn2k3U/getUpdates "HTTP/1.1 200 OK"
2025-12-03 09:35:13,105 - INFO - HTTP Request: POST https://api.telegram.org/bot8582855118:AAHs4R7-AIyW9BxT1P9cAIi4HLyRzcn2k3U/getUpdates "HTTP/1.1 200 OK"
2025-12-03 09:35:23,353 - INFO - HTTP Request: POST https://api.telegram.org/bot8582855118:AAHs4R7-AIyW9BxT1P9cAIi4HLyRzcn2k3U/getUpdates "HTTP/1.1 200 OK"
2025-12-03 09:35:33,908 - INFO - HTTP Request: POST https://api.telegram.org/bot8582855118:AAHs4R7-AIyW9BxT1P9cAIi4HLyRzcn2k3U/getUpdates "HTTP/1.1 200 OK"
2025-12-03 09:35:43,838 - INFO - HTTP Request: POST https://api.telegram.org/bot8582855118:AAHs4R7-AIyW9BxT1P9cAIi4HLyRzcn2k3U/getUpdates "HTTP/1.1 200 OK"
2025-12-03 09:35:54,174 - INFO - HTTP Request: POST https://api.telegram.org/bot8582855118:AAHs4R7-AIyW9BxT1P9cAIi4HLyRzcn2k3U/getUpdates "HTTP/1.1 200 OK"
2025-12-03 09:36:05,001 - INFO - HTTP Request: POST https://api.telegram.org/bot8582855118:AAHs4R7-AIyW9BxT1P9cAIi4HLyRzcn2k3U/getUpdates "HTTP/1.1 200 OK"
2025-12-03 09:36:14,999 - INFO - HTTP Request: POST https://api.telegram.org/bot8582855118:AAHs4R7-AIyW9BxT1P9cAIi4HLyRzcn2k3U/getUpdates "HTTP/1.1 200 OK"
2025-12-03 09:36:25,322 - INFO - HTTP Request: POST https://api.telegram.org/bot8582855118:AAHs4R7-AIyW9BxT1P9cAIi4HLyRzcn2k3U/getUpdates "HTTP/1.1 200 OK"
2025-12-03 09:36:35,784 - INFO - HTTP Request: POST https://api.telegram.org/bot8582855118:AAHs4R7-AIyW9BxT1P9cAIi4HLyRzcn2k3U/getUpdates "HTTP/1.1 200 OK"
2025-12-03 09:36:46,107 - INFO - HTTP Request: POST https://api.telegram.org/bot8582855118:AAHs4R7-AIyW9BxT1P9cAIi4HLyRzcn2k3U/getUpdates "HTTP/1.1 200 OK"
2025-12-03 09:36:56,497 - INFO - HTTP Request: POST https://api.telegram.org/bot8582855118:AAHs4R7-AIyW9BxT1P9cAIi4HLyRzcn2k3U/getUpdates "HTTP/1.1 200 OK"
2025-12-03 09:37:06,514 - INFO - HTTP Request: POST https://api.telegram.org/bot8582855118:AAHs4R7-AIyW9BxT1P9cAIi4HLyRzcn2k3U/getUpdates "HTTP/1.1 200 OK"
2025-12-03 09:37:16,735 - INFO - HTTP Request: POST https://api.telegram.org/bot8582855118:AAHs4R7-AIyW9BxT1P9cAIi4HLyRzcn2k3U/getUpdates "HTTP/1.1 200 OK"
2025-12-03 09:37:26,991 - INFO - HTTP Request: POST https://api.telegram.org/bot8582855118:AAHs4R7-AIyW9BxT1P9cAIi4HLyRzcn2k3U/getUpdates "HTTP/1.1 200 OK"
2025-12-03 09:37:37,956 - INFO - HTTP Request: POST https://api.telegram.org/bot8582855118:AAHs4R7-AIyW9BxT1P9cAIi4HLyRzcn2k3U/getUpdates "HTTP/1.1 200 OK"
2025-12-03 09:37:48,175 - INFO - HTTP Request: POST https://api.telegram.org/bot8582855118:AAHs4R7-AIyW9BxT1P9cAIi4HLyRzcn2k3U/getUpdates "HTTP/1.1 200 OK"
2025-12-03 09:37:59,106 - INFO - HTTP Request: POST https://api.telegram.org/bot8582855118:AAHs4R7-AIyW9BxT1P9cAIi4HLyRzcn2k3U/getUpdates "HTTP/1.1 200 OK"
2025-12-03 09:38:08,974 - INFO - HTTP Request: POST https://api.telegram.org/bot8582855118:AAHs4R7-AIyW9BxT1P9cAIi4HLyRzcn2k3U/getUpdates "HTTP/1.1 200 OK"
2025-12-03 09:38:19,721 - INFO - HTTP Request: POST https://api.telegram.org/bot8582855118:AAHs4R7-AIyW9BxT1P9cAIi4HLyRzcn2k3U/getUpdates "HTTP/1.1 200 OK"
2025-12-03 09:38:30,557 - INFO - HTTP Request: POST https://api.telegram.org/bot8582855118:AAHs4R7-AIyW9BxT1P9cAIi4HLyRzcn2k3U/getUpdates "HTTP/1.1 200 OK"
2025-12-03 09:38:40,043 - INFO - HTTP Request: POST https://api.telegram.org/bot8582855118:AAHs4R7-AIyW9BxT1P9cAIi4HLyRzcn2k3U/getUpdates "HTTP/1.1 200 OK"
2025-12-03 09:38:50,847 - INFO - HTTP Request: POST https://api.telegram.org/bot8582855118:AAHs4R7-AIyW9BxT1P9cAIi4HLyRzcn2k3U/getUpdates "HTTP/1.1 200 OK"
2025-12-03 09:39:00,753 - INFO - HTTP Request: POST https://api.telegram.org/bot8582855118:AAHs4R7-AIyW9BxT1P9cAIi4HLyRzcn2k3U/getUpdates "HTTP/1.1 200 OK"
2025-12-03 09:39:11,022 - INFO - HTTP Request: POST https://api.telegram.org/bot8582855118:AAHs4R7-AIyW9BxT1P9cAIi4HLyRzcn2k3U/getUpdates "HTTP/1.1 200 OK"
2025-12-03 09:39:21,161 - INFO - HTTP Request: POST https://api.telegram.org/bot8582855118:AAHs4R7-AIyW9BxT1P9cAIi4HLyRzcn2k3U/getUpdates "HTTP/1.1 200 OK"
2025-12-03 09:39:31,208 - INFO - HTTP Request: POST https://api.telegram.org/bot8582855118:AAHs4R7-AIyW9BxT1P9cAIi4HLyRzcn2k3U/getUpdates "HTTP/1.1 200 OK"
2025-12-03 09:39:42,222 - INFO - HTTP Request: POST https://api.telegram.org/bot8582855118:AAHs4R7-AIyW9BxT1P9cAIi4HLyRzcn2k3U/getUpdates "HTTP/1.1 200 OK"
2025-12-03 09:39:51,154 - INFO - HTTP Request: POST https://api.telegram.org/bot8582855118:AAHs4R7-AIyW9BxT1P9cAIi4HLyRzcn2k3U/getUpdates "HTTP/1.1 200 OK"
2025-12-03 09:39:59,939 - INFO - HTTP Request: POST https://api.telegram.org/bot8582855118:AAHs4R7-AIyW9BxT1P9cAIi4HLyRzcn2k3U/getUpdates "HTTP/1.1 200 OK"
2025-12-03 09:40:10,080 - INFO - HTTP Request: POST https://api.telegram.org/bot8582855118:AAHs4R7-AIyW9BxT1P9cAIi4HLyRzcn2k3U/getUpdates "HTTP/1.1 200 OK"
2025-12-03 09:40:23,618 - INFO - HTTP Request: POST https://api.telegram.org/bot8582855118:AAHs4R7-AIyW9BxT1P9cAIi4HLyRzcn2k3U/getUpdates "HTTP/1.1 200 OK"
2025-12-03 09:40:34,973 - INFO - HTTP Request: POST https://api.telegram.org/bot8582855118:AAHs4R7-AIyW9BxT1P9cAIi4HLyRzcn2k3U/getUpdates "HTTP/1.1 200 OK"
2025-12-03 09:40:45,732 - INFO - HTTP Request: POST https://api.telegram.org/bot8582855118:AAHs4R7-AIyW9BxT1P9cAIi4HLyRzcn2k3U/getUpdates "HTTP/1.1 200 OK"
2025-12-03 09:40:55,382 - INFO - HTTP Request: POST https://api.telegram.org/bot8582855118:AAHs4R7-AIyW9BxT1P9cAIi4HLyRzcn2k3U/getUpdates "HTTP/1.1 200 OK"
2025-12-03 09:41:06,250 - INFO - HTTP Request: POST https://api.telegram.org/bot8582855118:AAHs4R7-AIyW9BxT1P9cAIi4HLyRzcn2k3U/getUpdates "HTTP/1.1 200 OK"
2025-12-03 09:41:16,662 - INFO - HTTP Request: POST https://api.telegram.org/bot8582855118:AAHs4R7-AIyW9BxT1P9cAIi4HLyRzcn2k3U/getUpdates "HTTP/1.1 200 OK"
2025-12-03 09:41:26,301 - INFO - HTTP Request: POST https://api.telegram.org/bot8582855118:AAHs4R7-AIyW9BxT1P9cAIi4HLyRzcn2k3U/getUpdates "HTTP/1.1 200 OK"
2025-12-03 09:41:36,378 - INFO - HTTP Request: POST https://api.telegram.org/bot8582855118:AAHs4R7-AIyW9BxT1P9cAIi4HLyRzcn2k3U/getUpdates "HTTP/1.1 200 OK"
2025-12-03 09:41:46,499 - INFO - HTTP Request: POST https://api.telegram.org/bot8582855118:AAHs4R7-AIyW9BxT1P9cAIi4HLyRzcn2k3U/getUpdates "HTTP/1.1 200 OK"
2025-12-03 09:41:56,810 - INFO - HTTP Request: POST https://api.telegram.org/bot8582855118:AAHs4R7-AIyW9BxT1P9cAIi4HLyRzcn2k3U/getUpdates "HTTP/1.1 200 OK"
2025-12-03 09:42:07,176 - INFO - HTTP Request: POST https://api.telegram.org/bot8582855118:AAHs4R7-AIyW9BxT1P9cAIi4HLyRzcn2k3U/getUpdates "HTTP/1.1 200 OK"
2025-12-03 09:42:17,324 - INFO - HTTP Request: POST https://api.telegram.org/bot8582855118:AAHs4R7-AIyW9BxT1P9cAIi4HLyRzcn2k3U/getUpdates "HTTP/1.1 200 OK"
2025-12-03 09:42:27,743 - INFO - HTTP Request: POST https://api.telegram.org/bot8582855118:AAHs4R7-AIyW9BxT1P9cAIi4HLyRzcn2k3U/getUpdates "HTTP/1.1 200 OK"
2025-12-03 09:42:36,947 - INFO - HTTP Request: POST https://api.telegram.org/bot8582855118:AAHs4R7-AIyW9BxT1P9cAIi4HLyRzcn2k3U/getUpdates "HTTP/1.1 200 OK"
2025-12-03 09:42:47,131 - INFO - HTTP Request: POST https://api.telegram.org/bot8582855118:AAHs4R7-AIyW9BxT1P9cAIi4HLyRzcn2k3U/getUpdates "HTTP/1.1 200 OK"
2025-12-03 09:42:58,913 - INFO - HTTP Request: POST https://api.telegram.org/bot8582855118:AAHs4R7-AIyW9BxT1P9cAIi4HLyRzcn2k3U/getUpdates "HTTP/1.1 200 OK"
2025-12-03 09:43:09,252 - INFO - HTTP Request: POST https://api.telegram.org/bot8582855118:AAHs4R7-AIyW9BxT1P9cAIi4HLyRzcn2k3U/getUpdates "HTTP/1.1 200 OK"
2025-12-03 09:43:19,419 - INFO - HTTP Request: POST https://api.telegram.org/bot8582855118:AAHs4R7-AIyW9BxT1P9cAIi4HLyRzcn2k3U/getUpdates "HTTP/1.1 200 OK"
2025-12-03 09:43:29,463 - INFO - HTTP Request: POST https://api.telegram.org/bot8582855118:AAHs4R7-AIyW9BxT1P9cAIi4HLyRzcn2k3U/getUpdates "HTTP/1.1 200 OK"
2025-12-03 09:43:40,921 - INFO - HTTP Request: POST https://api.telegram.org/bot8582855118:AAHs4R7-AIyW9BxT1P9cAIi4HLyRzcn2k3U/getUpdates "HTTP/1.1 200 OK"
2025-12-03 09:43:51,584 - INFO - HTTP Request: POST https://api.telegram.org/bot8582855118:AAHs4R7-AIyW9BxT1P9cAIi4HLyRzcn2k3U/getUpdates "HTTP/1.1 200 OK"
2025-12-03 09:44:02,635 - INFO - HTTP Request: POST https://api.telegram.org/bot8582855118:AAHs4R7-AIyW9BxT1P9cAIi4HLyRzcn2k3U/getUpdates "HTTP/1.1 200 OK"
2025-12-03 09:44:11,891 - INFO - HTTP Request: POST https://api.telegram.org/bot8582855118:AAHs4R7-AIyW9BxT1P9cAIi4HLyRzcn2k3U/getUpdates "HTTP/1.1 200 OK"
2025-12-03 09:44:22,808 - INFO - HTTP Request: POST https://api.telegram.org/bot8582855118:AAHs4R7-AIyW9BxT1P9cAIi4HLyRzcn2k3U/getUpdates "HTTP/1.1 200 OK"
2025-12-03 09:44:33,381 - INFO - HTTP Request: POST https://api.telegram.org/bot8582855118:AAHs4R7-AIyW9BxT1P9cAIi4HLyRzcn2k3U/getUpdates "HTTP/1.1 200 OK"
2025-12-03 09:44:42,453 - INFO - HTTP Request: POST https://api.telegram.org/bot8582855118:AAHs4R7-AIyW9BxT1P9cAIi4HLyRzcn2k3U/getUpdates "HTTP/1.1 200 OK"
2025-12-03 09:44:52,538 - INFO - HTTP Request: POST https://api.telegram.org/bot8582855118:AAHs4R7-AIyW9BxT1P9cAIi4HLyRzcn2k3U/getUpdates "HTTP/1.1 200 OK"
2025-12-03 09:45:02,704 - INFO - HTTP Request: POST https://api.telegram.org/bot8582855118:AAHs4R7-AIyW9BxT1P9cAIi4HLyRzcn2k3U/getUpdates "HTTP/1.1 200 OK"
2025-12-03 09:45:13,759 - INFO - HTTP Request: POST https://api.telegram.org/bot8582855118:AAHs4R7-AIyW9BxT1P9cAIi4HLyRzcn2k3U/getUpdates "HTTP/1.1 200 OK"
2025-12-03 09:45:24,182 - INFO - HTTP Request: POST https://api.telegram.org/bot8582855118:AAHs4R7-AIyW9BxT1P9cAIi4HLyRzcn2k3U/getUpdates "HTTP/1.1 200 OK"
2025-12-03 09:45:34,305 - INFO - HTTP Request: POST https://api.telegram.org/bot8582855118:AAHs4R7-AIyW9BxT1P9cAIi4HLyRzcn2k3U/getUpdates "HTTP/1.1 200 OK"
2025-12-03 09:45:44,656 - INFO - HTTP Request: POST https://api.telegram.org/bot8582855118:AAHs4R7-AIyW9BxT1P9cAIi4HLyRzcn2k3U/getUpdates "HTTP/1.1 200 OK"
2025-12-03 09:45:55,087 - INFO - HTTP Request: POST https://api.telegram.org/bot8582855118:AAHs4R7-AIyW9BxT1P9cAIi4HLyRzcn2k3U/getUpdates "HTTP/1.1 200 OK"
2025-12-03 09:46:05,216 - INFO - HTTP Request: POST https://api.telegram.org/bot8582855118:AAHs4R7-AIyW9BxT1P9cAIi4HLyRzcn2k3U/getUpdates "HTTP/1.1 200 OK"
2025-12-03 09:46:15,476 - INFO - HTTP Request: POST https://api.telegram.org/bot8582855118:AAHs4R7-AIyW9BxT1P9cAIi4HLyRzcn2k3U/getUpdates "HTTP/1.1 200 OK"
2025-12-03 09:46:25,647 - INFO - HTTP Request: POST https://api.telegram.org/bot8582855118:AAHs4R7-AIyW9BxT1P9cAIi4HLyRzcn2k3U/getUpdates "HTTP/1.1 200 OK"
2025-12-03 09:46:35,685 - INFO - HTTP Request: POST https://api.telegram.org/bot8582855118:AAHs4R7-AIyW9BxT1P9cAIi4HLyRzcn2k3U/getUpdates "HTTP/1.1 200 OK"
2025-12-03 09:46:46,736 - INFO - HTTP Request: POST https://api.telegram.org/bot8582855118:AAHs4R7-AIyW9BxT1P9cAIi4HLyRzcn2k3U/getUpdates "HTTP/1.1 200 OK"
2025-12-03 09:46:57,057 - INFO - HTTP Request: POST https://api.telegram.org/bot8582855118:AAHs4R7-AIyW9BxT1P9cAIi4HLyRzcn2k3U/getUpdates "HTTP/1.1 200 OK"
2025-12-03 09:47:07,097 - INFO - HTTP Request: POST https://api.telegram.org/bot8582855118:AAHs4R7-AIyW9BxT1P9cAIi4HLyRzcn2k3U/getUpdates "HTTP/1.1 200 OK"
2025-12-03 09:47:17,455 - INFO - HTTP Request: POST https://api.telegram.org/bot8582855118:AAHs4R7-AIyW9BxT1P9cAIi4HLyRzcn2k3U/getUpdates "HTTP/1.1 200 OK"
2025-12-03 09:47:27,889 - INFO - HTTP Request: POST https://api.telegram.org/bot8582855118:AAHs4R7-AIyW9BxT1P9cAIi4HLyRzcn2k3U/getUpdates "HTTP/1.1 200 OK"
2025-12-03 09:47:38,199 - INFO - HTTP Request: POST https://api.telegram.org/bot8582855118:AAHs4R7-AIyW9BxT1P9cAIi4HLyRzcn2k3U/getUpdates "HTTP/1.1 200 OK"
2025-12-03 09:47:48,238 - INFO - HTTP Request: POST https://api.telegram.org/bot8582855118:AAHs4R7-AIyW9BxT1P9cAIi4HLyRzcn2k3U/getUpdates "HTTP/1.1 200 OK"
2025-12-03 09:47:58,767 - INFO - HTTP Request: POST https://api.telegram.org/bot8582855118:AAHs4R7-AIyW9BxT1P9cAIi4HLyRzcn2k3U/getUpdates "HTTP/1.1 200 OK"
2025-12-03 09:48:09,114 - INFO - HTTP Request: POST https://api.telegram.org/bot8582855118:AAHs4R7-AIyW9BxT1P9cAIi4HLyRzcn2k3U/getUpdates "HTTP/1.1 200 OK"
2025-12-03 09:48:19,296 - INFO - HTTP Request: POST https://api.telegram.org/bot8582855118:AAHs4R7-AIyW9BxT1P9cAIi4HLyRzcn2k3U/getUpdates "HTTP/1.1 200 OK"
2025-12-03 09:48:29,588 - INFO - HTTP Request: POST https://api.telegram.org/bot8582855118:AAHs4R7-AIyW9BxT1P9cAIi4HLyRzcn2k3U/getUpdates "HTTP/1.1 200 OK"
2025-12-03 09:48:39,926 - INFO - HTTP Request: POST https://api.telegram.org/bot8582855118:AAHs4R7-AIyW9BxT1P9cAIi4HLyRzcn2k3U/getUpdates "HTTP/1.1 200 OK"
2025-12-03 09:48:50,233 - INFO - HTTP Request: POST https://api.telegram.org/bot8582855118:AAHs4R7-AIyW9BxT1P9cAIi4HLyRzcn2k3U/getUpdates "HTTP/1.1 200 OK"
2025-12-03 09:49:00,801 - INFO - HTTP Request: POST https://api.telegram.org/bot8582855118:AAHs4R7-AIyW9BxT1P9cAIi4HLyRzcn2k3U/getUpdates "HTTP/1.1 200 OK"
2025-12-03 09:49:11,484 - INFO - HTTP Request: POST https://api.telegram.org/bot8582855118:AAHs4R7-AIyW9BxT1P9cAIi4HLyRzcn2k3U/getUpdates "HTTP/1.1 200 OK"
2025-12-03 09:49:22,169 - INFO - HTTP Request: POST https://api.telegram.org/bot8582855118:AAHs4R7-AIyW9BxT1P9cAIi4HLyRzcn2k3U/getUpdates "HTTP/1.1 200 OK"
2025-12-03 09:49:32,585 - INFO - HTTP Request: POST https://api.telegram.org/bot8582855118:AAHs4R7-AIyW9BxT1P9cAIi4HLyRzcn2k3U/getUpdates "HTTP/1.1 200 OK"
2025-12-03 09:49:44,167 - INFO - HTTP Request: POST https://api.telegram.org/bot8582855118:AAHs4R7-AIyW9BxT1P9cAIi4HLyRzcn2k3U/getUpdates "HTTP/1.1 200 OK"
2025-12-03 09:49:55,100 - INFO - HTTP Request: POST https://api.telegram.org/bot8582855118:AAHs4R7-AIyW9BxT1P9cAIi4HLyRzcn2k3U/getUpdates "HTTP/1.1 200 OK"
2025-12-03 09:50:04,896 - INFO - HTTP Request: POST https://api.telegram.org/bot8582855118:AAHs4R7-AIyW9BxT1P9cAIi4HLyRzcn2k3U/getUpdates "HTTP/1.1 200 OK"
2025-12-03 09:50:13,621 - INFO - HTTP Request: POST https://api.telegram.org/bot8582855118:AAHs4R7-AIyW9BxT1P9cAIi4HLyRzcn2k3U/getUpdates "HTTP/1.1 200 OK"
2025-12-03 09:50:23,935 - INFO - HTTP Request: POST https://api.telegram.org/bot8582855118:AAHs4R7-AIyW9BxT1P9cAIi4HLyRzcn2k3U/getUpdates "HTTP/1.1 200 OK"
2025-12-03 09:50:34,115 - INFO - HTTP Request: POST https://api.telegram.org/bot8582855118:AAHs4R7-AIyW9BxT1P9cAIi4HLyRzcn2k3U/getUpdates "HTTP/1.1 200 OK"
2025-12-03 09:50:44,626 - INFO - HTTP Request: POST https://api.telegram.org/bot8582855118:AAHs4R7-AIyW9BxT1P9cAIi4HLyRzcn2k3U/getUpdates "HTTP/1.1 200 OK"
2025-12-03 09:50:55,122 - INFO - HTTP Request: POST https://api.telegram.org/bot8582855118:AAHs4R7-AIyW9BxT1P9cAIi4HLyRzcn2k3U/getUpdates "HTTP/1.1 200 OK"
2025-12-03 09:51:05,306 - INFO - HTTP Request: POST https://api.telegram.org/bot8582855118:AAHs4R7-AIyW9BxT1P9cAIi4HLyRzcn2k3U/getUpdates "HTTP/1.1 200 OK"
2025-12-03 09:51:15,275 - INFO - HTTP Request: POST https://api.telegram.org/bot8582855118:AAHs4R7-AIyW9BxT1P9cAIi4HLyRzcn2k3U/getUpdates "HTTP/1.1 200 OK"
2025-12-03 09:51:26,347 - INFO - HTTP Request: POST https://api.telegram.org/bot8582855118:AAHs4R7-AIyW9BxT1P9cAIi4HLyRzcn2k3U/getUpdates "HTTP/1.1 200 OK"
2025-12-03 09:51:36,523 - INFO - HTTP Request: POST https://api.telegram.org/bot8582855118:AAHs4R7-AIyW9BxT1P9cAIi4HLyRzcn2k3U/getUpdates "HTTP/1.1 200 OK"
2025-12-03 09:51:46,888 - INFO - HTTP Request: POST https://api.telegram.org/bot8582855118:AAHs4R7-AIyW9BxT1P9cAIi4HLyRzcn2k3U/getUpdates "HTTP/1.1 200 OK"
2025-12-03 09:51:57,321 - INFO - HTTP Request: POST https://api.telegram.org/bot8582855118:AAHs4R7-AIyW9BxT1P9cAIi4HLyRzcn2k3U/getUpdates "HTTP/1.1 200 OK"
2025-12-03 09:52:07,565 - INFO - HTTP Request: POST https://api.telegram.org/bot8582855118:AAHs4R7-AIyW9BxT1P9cAIi4HLyRzcn2k3U/getUpdates "HTTP/1.1 200 OK"
2025-12-03 09:52:17,744 - INFO - HTTP Request: POST https://api.telegram.org/bot8582855118:AAHs4R7-AIyW9BxT1P9cAIi4HLyRzcn2k3U/getUpdates "HTTP/1.1 200 OK"
2025-12-03 09:52:28,333 - INFO - HTTP Request: POST https://api.telegram.org/bot8582855118:AAHs4R7-AIyW9BxT1P9cAIi4HLyRzcn2k3U/getUpdates "HTTP/1.1 200 OK"
2025-12-03 09:52:38,660 - INFO - HTTP Request: POST https://api.telegram.org/bot8582855118:AAHs4R7-AIyW9BxT1P9cAIi4HLyRzcn2k3U/getUpdates "HTTP/1.1 200 OK"
2025-12-03 09:52:48,779 - INFO - HTTP Request: POST https://api.telegram.org/bot8582855118:AAHs4R7-AIyW9BxT1P9cAIi4HLyRzcn2k3U/getUpdates "HTTP/1.1 200 OK"
2025-12-03 09:52:59,200 - INFO - HTTP Request: POST https://api.telegram.org/bot8582855118:AAHs4R7-AIyW9BxT1P9cAIi4HLyRzcn2k3U/getUpdates "HTTP/1.1 200 OK"
2025-12-03 09:53:08,974 - INFO - HTTP Request: POST https://api.telegram.org/bot8582855118:AAHs4R7-AIyW9BxT1P9cAIi4HLyRzcn2k3U/getUpdates "HTTP/1.1 200 OK"
2025-12-03 09:53:19,255 - INFO - HTTP Request: POST https://api.telegram.org/bot8582855118:AAHs4R7-AIyW9BxT1P9cAIi4HLyRzcn2k3U/getUpdates "HTTP/1.1 200 OK"
2025-12-03 09:53:30,231 - INFO - HTTP Request: POST https://api.telegram.org/bot8582855118:AAHs4R7-AIyW9BxT1P9cAIi4HLyRzcn2k3U/getUpdates "HTTP/1.1 200 OK"
2025-12-03 09:53:41,188 - INFO - HTTP Request: POST https://api.telegram.org/bot8582855118:AAHs4R7-AIyW9BxT1P9cAIi4HLyRzcn2k3U/getUpdates "HTTP/1.1 200 OK"
2025-12-03 09:53:51,701 - INFO - HTTP Request: POST https://api.telegram.org/bot8582855118:AAHs4R7-AIyW9BxT1P9cAIi4HLyRzcn2k3U/getUpdates "HTTP/1.1 200 OK"
2025-12-03 09:54:01,195 - INFO - HTTP Request: POST https://api.telegram.org/bot8582855118:AAHs4R7-AIyW9BxT1P9cAIi4HLyRzcn2k3U/getUpdates "HTTP/1.1 200 OK"
2025-12-03 09:54:12,185 - INFO - HTTP Request: POST https://api.telegram.org/bot8582855118:AAHs4R7-AIyW9BxT1P9cAIi4HLyRzcn2k3U/getUpdates "HTTP/1.1 200 OK"
2025-12-03 09:54:22,579 - INFO - HTTP Request: POST https://api.telegram.org/bot8582855118:AAHs4R7-AIyW9BxT1P9cAIi4HLyRzcn2k3U/getUpdates "HTTP/1.1 200 OK"
2025-12-03 09:54:32,145 - INFO - HTTP Request: POST https://api.telegram.org/bot8582855118:AAHs4R7-AIyW9BxT1P9cAIi4HLyRzcn2k3U/getUpdates "HTTP/1.1 200 OK"
2025-12-03 09:54:42,602 - INFO - HTTP Request: POST https://api.telegram.org/bot8582855118:AAHs4R7-AIyW9BxT1P9cAIi4HLyRzcn2k3U/getUpdates "HTTP/1.1 200 OK"
2025-12-03 09:54:53,026 - INFO - HTTP Request: POST https://api.telegram.org/bot8582855118:AAHs4R7-AIyW9BxT1P9cAIi4HLyRzcn2k3U/getUpdates "HTTP/1.1 200 OK"
2025-12-03 09:55:02,855 - INFO - HTTP Request: POST https://api.telegram.org/bot8582855118:AAHs4R7-AIyW9BxT1P9cAIi4HLyRzcn2k3U/getUpdates "HTTP/1.1 200 OK"
2025-12-03 09:55:13,295 - INFO - HTTP Request: POST https://api.telegram.org/bot8582855118:AAHs4R7-AIyW9BxT1P9cAIi4HLyRzcn2k3U/getUpdates "HTTP/1.1 200 OK"
2025-12-03 09:55:23,400 - INFO - HTTP Request: POST https://api.telegram.org/bot8582855118:AAHs4R7-AIyW9BxT1P9cAIi4HLyRzcn2k3U/getUpdates "HTTP/1.1 200 OK"
2025-12-03 09:55:33,080 - INFO - HTTP Request: POST https://api.telegram.org/bot8582855118:AAHs4R7-AIyW9BxT1P9cAIi4HLyRzcn2k3U/getUpdates "HTTP/1.1 200 OK"
2025-12-03 09:55:43,310 - INFO - HTTP Request: POST https://api.telegram.org/bot8582855118:AAHs4R7-AIyW9BxT1P9cAIi4HLyRzcn2k3U/getUpdates "HTTP/1.1 200 OK"
2025-12-03 09:55:53,614 - INFO - HTTP Request: POST https://api.telegram.org/bot8582855118:AAHs4R7-AIyW9BxT1P9cAIi4HLyRzcn2k3U/getUpdates "HTTP/1.1 200 OK"
2025-12-03 09:56:03,701 - INFO - HTTP Request: POST https://api.telegram.org/bot8582855118:AAHs4R7-AIyW9BxT1P9cAIi4HLyRzcn2k3U/getUpdates "HTTP/1.1 200 OK"
2025-12-03 09:56:14,865 - INFO - HTTP Request: POST https://api.telegram.org/bot8582855118:AAHs4R7-AIyW9BxT1P9cAIi4HLyRzcn2k3U/getUpdates "HTTP/1.1 200 OK"
2025-12-03 09:56:25,172 - INFO - HTTP Request: POST https://api.telegram.org/bot8582855118:AAHs4R7-AIyW9BxT1P9cAIi4HLyRzcn2k3U/getUpdates "HTTP/1.1 200 OK"
2025-12-03 09:56:35,355 - INFO - HTTP Request: POST https://api.telegram.org/bot8582855118:AAHs4R7-AIyW9BxT1P9cAIi4HLyRzcn2k3U/getUpdates "HTTP/1.1 200 OK"
2025-12-03 09:56:45,650 - INFO - HTTP Request: POST https://api.telegram.org/bot8582855118:AAHs4R7-AIyW9BxT1P9cAIi4HLyRzcn2k3U/getUpdates "HTTP/1.1 200 OK"
2025-12-03 09:56:55,992 - INFO - HTTP Request: POST https://api.telegram.org/bot8582855118:AAHs4R7-AIyW9BxT1P9cAIi4HLyRzcn2k3U/getUpdates "HTTP/1.1 200 OK"
2025-12-03 09:57:06,052 - INFO - HTTP Request: POST https://api.telegram.org/bot8582855118:AAHs4R7-AIyW9BxT1P9cAIi4HLyRzcn2k3U/getUpdates "HTTP/1.1 200 OK"
2025-12-03 09:57:16,885 - INFO - HTTP Request: POST https://api.telegram.org/bot8582855118:AAHs4R7-AIyW9BxT1P9cAIi4HLyRzcn2k3U/getUpdates "HTTP/1.1 200 OK"
2025-12-03 09:57:27,080 - INFO - HTTP Request: POST https://api.telegram.org/bot8582855118:AAHs4R7-AIyW9BxT1P9cAIi4HLyRzcn2k3U/getUpdates "HTTP/1.1 200 OK"
2025-12-03 09:57:37,242 - INFO - HTTP Request: POST https://api.telegram.org/bot8582855118:AAHs4R7-AIyW9BxT1P9cAIi4HLyRzcn2k3U/getUpdates "HTTP/1.1 200 OK"
2025-12-03 09:57:48,488 - INFO - HTTP Request: POST https://api.telegram.org/bot8582855118:AAHs4R7-AIyW9BxT1P9cAIi4HLyRzcn2k3U/getUpdates "HTTP/1.1 200 OK"
2025-12-03 09:57:58,840 - INFO - HTTP Request: POST https://api.telegram.org/bot8582855118:AAHs4R7-AIyW9BxT1P9cAIi4HLyRzcn2k3U/getUpdates "HTTP/1.1 200 OK"
2025-12-03 09:58:09,548 - INFO - HTTP Request: POST https://api.telegram.org/bot8582855118:AAHs4R7-AIyW9BxT1P9cAIi4HLyRzcn2k3U/getUpdates "HTTP/1.1 200 OK"
2025-12-03 09:58:19,915 - INFO - HTTP Request: POST https://api.telegram.org/bot8582855118:AAHs4R7-AIyW9BxT1P9cAIi4HLyRzcn2k3U/getUpdates "HTTP/1.1 200 OK"
2025-12-03 09:58:30,918 - INFO - HTTP Request: POST https://api.telegram.org/bot8582855118:AAHs4R7-AIyW9BxT1P9cAIi4HLyRzcn2k3U/getUpdates "HTTP/1.1 200 OK"
2025-12-03 09:58:41,663 - INFO - HTTP Request: POST https://api.telegram.org/bot8582855118:AAHs4R7-AIyW9BxT1P9cAIi4HLyRzcn2k3U/getUpdates "HTTP/1.1 200 OK"
2025-12-03 09:58:50,810 - INFO - HTTP Request: POST https://api.telegram.org/bot8582855118:AAHs4R7-AIyW9BxT1P9cAIi4HLyRzcn2k3U/getUpdates "HTTP/1.1 200 OK"
2025-12-03 09:59:01,751 - INFO - HTTP Request: POST https://api.telegram.org/bot8582855118:AAHs4R7-AIyW9BxT1P9cAIi4HLyRzcn2k3U/getUpdates "HTTP/1.1 200 OK"
2025-12-03 09:59:11,991 - INFO - HTTP Request: POST https://api.telegram.org/bot8582855118:AAHs4R7-AIyW9BxT1P9cAIi4HLyRzcn2k3U/getUpdates "HTTP/1.1 200 OK"
2025-12-03 09:59:21,848 - INFO - HTTP Request: POST https://api.telegram.org/bot8582855118:AAHs4R7-AIyW9BxT1P9cAIi4HLyRzcn2k3U/getUpdates "HTTP/1.1 200 OK"
2025-12-03 09:59:32,068 - INFO - HTTP Request: POST https://api.telegram.org/bot8582855118:AAHs4R7-AIyW9BxT1P9cAIi4HLyRzcn2k3U/getUpdates "HTTP/1.1 200 OK"
2025-12-03 09:59:42,728 - INFO - HTTP Request: POST https://api.telegram.org/bot8582855118:AAHs4R7-AIyW9BxT1P9cAIi4HLyRzcn2k3U/getUpdates "HTTP/1.1 200 OK"
2025-12-03 09:59:53,126 - INFO - HTTP Request: POST https://api.telegram.org/bot8582855118:AAHs4R7-AIyW9BxT1P9cAIi4HLyRzcn2k3U/getUpdates "HTTP/1.1 200 OK"
2025-12-03 10:00:03,251 - INFO - HTTP Request: POST https://api.telegram.org/bot8582855118:AAHs4R7-AIyW9BxT1P9cAIi4HLyRzcn2k3U/getUpdates "HTTP/1.1 200 OK"
2025-12-03 10:00:13,228 - INFO - HTTP Request: POST https://api.telegram.org/bot8582855118:AAHs4R7-AIyW9BxT1P9cAIi4HLyRzcn2k3U/getUpdates "HTTP/1.1 200 OK"
2025-12-03 10:00:23,436 - INFO - HTTP Request: POST https://api.telegram.org/bot8582855118:AAHs4R7-AIyW9BxT1P9cAIi4HLyRzcn2k3U/getUpdates "HTTP/1.1 200 OK"
2025-12-03 10:00:33,266 - INFO - HTTP Request: POST https://api.telegram.org/bot8582855118:AAHs4R7-AIyW9BxT1P9cAIi4HLyRzcn2k3U/getUpdates "HTTP/1.1 200 OK"
2025-12-03 10:00:43,689 - INFO - HTTP Request: POST https://api.telegram.org/bot8582855118:AAHs4R7-AIyW9BxT1P9cAIi4HLyRzcn2k3U/getUpdates "HTTP/1.1 200 OK"
2025-12-03 10:00:54,185 - INFO - HTTP Request: POST https://api.telegram.org/bot8582855118:AAHs4R7-AIyW9BxT1P9cAIi4HLyRzcn2k3U/getUpdates "HTTP/1.1 200 OK"
2025-12-03 10:01:05,258 - INFO - HTTP Request: POST https://api.telegram.org/bot8582855118:AAHs4R7-AIyW9BxT1P9cAIi4HLyRzcn2k3U/getUpdates "HTTP/1.1 200 OK"
2025-12-03 10:01:07,372 - INFO - Application is stopping. This might take a moment.
2025-12-03 10:01:07,373 - INFO - Application.stop() complete
2025-12-03 10:01:10,567 - INFO - HTTP Request: POST https://api.telegram.org/bot8582855118:AAHs4R7-AIyW9BxT1P9cAIi4HLyRzcn2k3U/getMe "HTTP/1.1 200 OK"
2025-12-03 10:01:10,746 - INFO - HTTP Request: POST https://api.telegram.org/bot8582855118:AAHs4R7-AIyW9BxT1P9cAIi4HLyRzcn2k3U/deleteWebhook "HTTP/1.1 200 OK"
2025-12-03 10:01:10,748 - INFO - Application started
2025-12-03 10:01:21,168 - INFO - HTTP Request: POST https://api.telegram.org/bot8582855118:AAHs4R7-AIyW9BxT1P9cAIi4HLyRzcn2k3U/getUpdates "HTTP/1.1 200 OK"
2025-12-03 10:01:31,959 - INFO - HTTP Request: POST https://api.telegram.org/bot8582855118:AAHs4R7-AIyW9BxT1P9cAIi4HLyRzcn2k3U/getUpdates "HTTP/1.1 200 OK"
2025-12-03 10:01:35,872 - INFO - HTTP Request: POST https://api.telegram.org/bot8582855118:AAHs4R7-AIyW9BxT1P9cAIi4HLyRzcn2k3U/getUpdates "HTTP/1.1 200 OK"
2025-12-03 10:01:37,127 - INFO - HTTP Request: POST https://api.telegram.org/bot8582855118:AAHs4R7-AIyW9BxT1P9cAIi4HLyRzcn2k3U/sendMessage "HTTP/1.1 200 OK"
2025-12-03 10:01:46,002 - INFO - HTTP Request: POST https://api.telegram.org/bot8582855118:AAHs4R7-AIyW9BxT1P9cAIi4HLyRzcn2k3U/getUpdates "HTTP/1.1 200 OK"
2025-12-03 10:01:55,940 - INFO - HTTP Request: POST https://api.telegram.org/bot8582855118:AAHs4R7-AIyW9BxT1P9cAIi4HLyRzcn2k3U/getUpdates "HTTP/1.1 200 OK"
2025-12-03 10:01:57,465 - INFO - HTTP Request: POST https://api.telegram.org/bot8582855118:AAHs4R7-AIyW9BxT1P9cAIi4HLyRzcn2k3U/getUpdates "HTTP/1.1 200 OK"
2025-12-03 10:01:58,204 - INFO - Успішний запит для міста 'Kharkiv'. Температура: 3.49°C, чисте небо. Час виконання: 0.74 сек.
2025-12-03 10:01:59,187 - INFO - HTTP Request: POST https://api.telegram.org/bot8582855118:AAHs4R7-AIyW9BxT1P9cAIi4HLyRzcn2k3U/sendMessage "HTTP/1.1 200 OK"
2025-12-03 10:02:09,549 - INFO - HTTP Request: POST https://api.telegram.org/bot8582855118:AAHs4R7-AIyW9BxT1P9cAIi4HLyRzcn2k3U/getUpdates "HTTP/1.1 200 OK"
2025-12-03 10:02:20,036 - INFO - HTTP Request: POST https://api.telegram.org/bot8582855118:AAHs4R7-AIyW9BxT1P9cAIi4HLyRzcn2k3U/getUpdates "HTTP/1.1 200 OK"
2025-12-03 10:02:27,374 - INFO - Application is stopping. This might take a moment.
2025-12-03 10:02:27,375 - INFO - Application.stop() complete
2025-12-03 10:02:34,030 - INFO - HTTP Request: POST https://api.telegram.org/bot8582855118:AAHs4R7-AIyW9BxT1P9cAIi4HLyRzcn2k3U/getMe "HTTP/1.1 200 OK"
2025-12-03 10:02:34,353 - INFO - HTTP Request: POST https://api.telegram.org/bot8582855118:AAHs4R7-AIyW9BxT1P9cAIi4HLyRzcn2k3U/deleteWebhook "HTTP/1.1 200 OK"
2025-12-03 10:02:34,355 - INFO - Application started
2025-12-03 10:02:44,160 - INFO - HTTP Request: POST https://api.telegram.org/bot8582855118:AAHs4R7-AIyW9BxT1P9cAIi4HLyRzcn2k3U/getUpdates "HTTP/1.1 200 OK"
2025-12-03 10:02:45,401 - INFO - HTTP Request: POST https://api.telegram.org/bot8582855118:AAHs4R7-AIyW9BxT1P9cAIi4HLyRzcn2k3U/sendMessage "HTTP/1.1 200 OK"
2025-12-03 10:02:54,714 - INFO - HTTP Request: POST https://api.telegram.org/bot8582855118:AAHs4R7-AIyW9BxT1P9cAIi4HLyRzcn2k3U/getUpdates "HTTP/1.1 200 OK"
2025-12-03 10:03:00,321 - INFO - HTTP Request: POST https://api.telegram.org/bot8582855118:AAHs4R7-AIyW9BxT1P9cAIi4HLyRzcn2k3U/getUpdates "HTTP/1.1 200 OK"
2025-12-03 10:03:01,180 - INFO - Успішний запит для міста 'Kyiv'. Температура: 5.96°C, хмарно. Час виконання: 0.85 сек.
2025-12-03 10:03:02,116 - INFO - HTTP Request: POST https://api.telegram.org/bot8582855118:AAHs4R7-AIyW9BxT1P9cAIi4HLyRzcn2k3U/sendMessage "HTTP/1.1 200 OK"
2025-12-03 10:03:11,064 - INFO - HTTP Request: POST https://api.telegram.org/bot8582855118:AAHs4R7-AIyW9BxT1P9cAIi4HLyRzcn2k3U/getUpdates "HTTP/1.1 200 OK"
2025-12-03 10:03:12,869 - INFO - HTTP Request: POST https://api.telegram.org/bot8582855118:AAHs4R7-AIyW9BxT1P9cAIi4HLyRzcn2k3U/getUpdates "HTTP/1.1 200 OK"
2025-12-03 10:03:13,719 - ERROR - Неуспішний запит для міста 'Kiiv'. Код: 404
2025-12-03 10:03:13,721 - ERROR - No error handlers are registered, logging exception.
Traceback (most recent call last):
  File "/home/mtrykoz/PycharmProjects/PythonProject/PythonProCourse/.venv/lib/python3.10/site-packages/telegram/ext/_application.py", line 1124, in process_update
    await coroutine
  File "/home/mtrykoz/PycharmProjects/PythonProject/PythonProCourse/.venv/lib/python3.10/site-packages/telegram/ext/_handler.py", line 141, in handle_update
    return await self.callback(update, context)
  File "/home/mtrykoz/PycharmProjects/PythonProject/PythonProCourse/Lesson_29/weather_bot/bot.py", line 25, in weather
    await update.message.reply_text(result)
AttributeError: 'NoneType' object has no attribute 'reply_text'
2025-12-03 10:03:24,377 - INFO - HTTP Request: POST https://api.telegram.org/bot8582855118:AAHs4R7-AIyW9BxT1P9cAIi4HLyRzcn2k3U/getUpdates "HTTP/1.1 200 OK"
2025-12-03 10:03:28,680 - INFO - HTTP Request: POST https://api.telegram.org/bot8582855118:AAHs4R7-AIyW9BxT1P9cAIi4HLyRzcn2k3U/getUpdates "HTTP/1.1 200 OK"
2025-12-03 10:03:29,195 - INFO - Успішний запит для міста 'Kyiv'. Температура: 5.96°C, хмарно. Час виконання: 0.51 сек.
2025-12-03 10:03:29,195 - ERROR - No error handlers are registered, logging exception.
Traceback (most recent call last):
  File "/home/mtrykoz/PycharmProjects/PythonProject/PythonProCourse/.venv/lib/python3.10/site-packages/telegram/ext/_application.py", line 1124, in process_update
    await coroutine
  File "/home/mtrykoz/PycharmProjects/PythonProject/PythonProCourse/.venv/lib/python3.10/site-packages/telegram/ext/_handler.py", line 141, in handle_update
    return await self.callback(update, context)
  File "/home/mtrykoz/PycharmProjects/PythonProject/PythonProCourse/Lesson_29/weather_bot/bot.py", line 25, in weather
    await update.message.reply_text(result)
AttributeError: 'NoneType' object has no attribute 'reply_text'
2025-12-03 10:03:37,070 - INFO - HTTP Request: POST https://api.telegram.org/bot8582855118:AAHs4R7-AIyW9BxT1P9cAIi4HLyRzcn2k3U/getUpdates "HTTP/1.1 200 OK"
2025-12-03 10:03:37,686 - ERROR - Неуспішний запит для міста 'Kiiv'. Код: 404
2025-12-03 10:03:39,034 - INFO - HTTP Request: POST https://api.telegram.org/bot8582855118:AAHs4R7-AIyW9BxT1P9cAIi4HLyRzcn2k3U/sendMessage "HTTP/1.1 200 OK"
2025-12-03 10:03:48,283 - INFO - HTTP Request: POST https://api.telegram.org/bot8582855118:AAHs4R7-AIyW9BxT1P9cAIi4HLyRzcn2k3U/getUpdates "HTTP/1.1 200 OK"
2025-12-03 10:03:58,636 - INFO - HTTP Request: POST https://api.telegram.org/bot8582855118:AAHs4R7-AIyW9BxT1P9cAIi4HLyRzcn2k3U/getUpdates "HTTP/1.1 200 OK"
2025-12-03 10:04:04,358 - INFO - Application is stopping. This might take a moment.
2025-12-03 10:04:04,359 - INFO - Application.stop() complete
2025-12-03 20:23:25,731 - INFO - Успішний запит для міста 'Kharkiv'. Температура: 1.78°C, чисте небо. Час виконання: 0.68 сек.
2025-12-03 20:23:32,493 - INFO - Успішний запит для міста 'Kar'. Температура: 16.48°C, хмарно. Час виконання: 0.46 сек.
2025-12-03 20:23:39,802 - ERROR - Неуспішний запит для міста 'l'. Код: 404
2025-12-03 21:52:00,327 - INFO - HTTP Request: POST https://api.telegram.org/bot8582855118:AAHs4R7-AIyW9BxT1P9cAIi4HLyRzcn2k3U/getMe "HTTP/1.1 200 OK"
2025-12-03 21:52:00,642 - INFO - HTTP Request: POST https://api.telegram.org/bot8582855118:AAHs4R7-AIyW9BxT1P9cAIi4HLyRzcn2k3U/deleteWebhook "HTTP/1.1 200 OK"
2025-12-03 21:52:00,644 - INFO - Application started
2025-12-03 21:52:01,509 - INFO - HTTP Request: POST https://api.telegram.org/bot8582855118:AAHs4R7-AIyW9BxT1P9cAIi4HLyRzcn2k3U/getUpdates "HTTP/1.1 200 OK"
2025-12-03 21:52:01,846 - INFO - HTTP Request: POST https://api.telegram.org/bot8582855118:AAHs4R7-AIyW9BxT1P9cAIi4HLyRzcn2k3U/sendMessage "HTTP/1.1 200 OK"
2025-12-03 21:52:11,458 - INFO - HTTP Request: POST https://api.telegram.org/bot8582855118:AAHs4R7-AIyW9BxT1P9cAIi4HLyRzcn2k3U/getUpdates "HTTP/1.1 200 OK"
2025-12-03 21:52:19,975 - INFO - HTTP Request: POST https://api.telegram.org/bot8582855118:AAHs4R7-AIyW9BxT1P9cAIi4HLyRzcn2k3U/getUpdates "HTTP/1.1 200 OK"
2025-12-03 21:52:21,174 - INFO - HTTP Request: POST https://api.telegram.org/bot8582855118:AAHs4R7-AIyW9BxT1P9cAIi4HLyRzcn2k3U/sendMessage "HTTP/1.1 200 OK"
2025-12-03 21:52:24,973 - INFO - HTTP Request: POST https://api.telegram.org/bot8582855118:AAHs4R7-AIyW9BxT1P9cAIi4HLyRzcn2k3U/getUpdates "HTTP/1.1 200 OK"
2025-12-03 21:52:34,879 - INFO - HTTP Request: POST https://api.telegram.org/bot8582855118:AAHs4R7-AIyW9BxT1P9cAIi4HLyRzcn2k3U/getUpdates "HTTP/1.1 200 OK"
2025-12-03 21:52:38,490 - INFO - HTTP Request: POST https://api.telegram.org/bot8582855118:AAHs4R7-AIyW9BxT1P9cAIi4HLyRzcn2k3U/getUpdates "HTTP/1.1 200 OK"
2025-12-03 21:52:43,262 - INFO - HTTP Request: POST https://api.telegram.org/bot8582855118:AAHs4R7-AIyW9BxT1P9cAIi4HLyRzcn2k3U/getUpdates "HTTP/1.1 200 OK"
2025-12-03 21:52:44,218 - INFO - HTTP Request: POST https://api.telegram.org/bot8582855118:AAHs4R7-AIyW9BxT1P9cAIi4HLyRzcn2k3U/sendMessage "HTTP/1.1 200 OK"
2025-12-03 21:52:54,444 - INFO - HTTP Request: POST https://api.telegram.org/bot8582855118:AAHs4R7-AIyW9BxT1P9cAIi4HLyRzcn2k3U/getUpdates "HTTP/1.1 200 OK"
2025-12-03 21:53:04,820 - INFO - HTTP Request: POST https://api.telegram.org/bot8582855118:AAHs4R7-AIyW9BxT1P9cAIi4HLyRzcn2k3U/getUpdates "HTTP/1.1 200 OK"
2025-12-03 21:53:16,675 - INFO - HTTP Request: POST https://api.telegram.org/bot8582855118:AAHs4R7-AIyW9BxT1P9cAIi4HLyRzcn2k3U/getUpdates "HTTP/1.1 200 OK"
2025-12-03 21:53:25,391 - INFO - HTTP Request: POST https://api.telegram.org/bot8582855118:AAHs4R7-AIyW9BxT1P9cAIi4HLyRzcn2k3U/getUpdates "HTTP/1.1 200 OK"
2025-12-03 21:53:35,890 - INFO - HTTP Request: POST https://api.telegram.org/bot8582855118:AAHs4R7-AIyW9BxT1P9cAIi4HLyRzcn2k3U/getUpdates "HTTP/1.1 200 OK"
2025-12-03 21:53:46,361 - INFO - HTTP Request: POST https://api.telegram.org/bot8582855118:AAHs4R7-AIyW9BxT1P9cAIi4HLyRzcn2k3U/getUpdates "HTTP/1.1 200 OK"
2025-12-03 21:53:56,318 - INFO - HTTP Request: POST https://api.telegram.org/bot8582855118:AAHs4R7-AIyW9BxT1P9cAIi4HLyRzcn2k3U/getUpdates "HTTP/1.1 200 OK"
2025-12-03 21:54:06,861 - INFO - HTTP Request: POST https://api.telegram.org/bot8582855118:AAHs4R7-AIyW9BxT1P9cAIi4HLyRzcn2k3U/getUpdates "HTTP/1.1 200 OK"
2025-12-03 21:54:17,354 - INFO - HTTP Request: POST https://api.telegram.org/bot8582855118:AAHs4R7-AIyW9BxT1P9cAIi4HLyRzcn2k3U/getUpdates "HTTP/1.1 200 OK"
2025-12-03 21:54:27,808 - INFO - HTTP Request: POST https://api.telegram.org/bot8582855118:AAHs4R7-AIyW9BxT1P9cAIi4HLyRzcn2k3U/getUpdates "HTTP/1.1 200 OK"
2025-12-03 21:54:37,754 - INFO - HTTP Request: POST https://api.telegram.org/bot8582855118:AAHs4R7-AIyW9BxT1P9cAIi4HLyRzcn2k3U/getUpdates "HTTP/1.1 200 OK"
2025-12-03 21:54:47,326 - INFO - HTTP Request: POST https://api.telegram.org/bot8582855118:AAHs4R7-AIyW9BxT1P9cAIi4HLyRzcn2k3U/getUpdates "HTTP/1.1 200 OK"
2025-12-03 21:54:57,353 - INFO - HTTP Request: POST https://api.telegram.org/bot8582855118:AAHs4R7-AIyW9BxT1P9cAIi4HLyRzcn2k3U/getUpdates "HTTP/1.1 200 OK"
2025-12-03 21:55:08,430 - INFO - HTTP Request: POST https://api.telegram.org/bot8582855118:AAHs4R7-AIyW9BxT1P9cAIi4HLyRzcn2k3U/getUpdates "HTTP/1.1 200 OK"
2025-12-03 21:55:18,558 - INFO - HTTP Request: POST https://api.telegram.org/bot8582855118:AAHs4R7-AIyW9BxT1P9cAIi4HLyRzcn2k3U/getUpdates "HTTP/1.1 200 OK"
2025-12-03 21:55:28,566 - INFO - HTTP Request: POST https://api.telegram.org/bot8582855118:AAHs4R7-AIyW9BxT1P9cAIi4HLyRzcn2k3U/getUpdates "HTTP/1.1 200 OK"
2025-12-03 21:55:39,586 - INFO - HTTP Request: POST https://api.telegram.org/bot8582855118:AAHs4R7-AIyW9BxT1P9cAIi4HLyRzcn2k3U/getUpdates "HTTP/1.1 200 OK"
2025-12-03 21:55:49,495 - INFO - HTTP Request: POST https://api.telegram.org/bot8582855118:AAHs4R7-AIyW9BxT1P9cAIi4HLyRzcn2k3U/getUpdates "HTTP/1.1 200 OK"
2025-12-03 21:55:59,950 - INFO - HTTP Request: POST https://api.telegram.org/bot8582855118:AAHs4R7-AIyW9BxT1P9cAIi4HLyRzcn2k3U/getUpdates "HTTP/1.1 200 OK"
2025-12-03 21:56:10,542 - INFO - HTTP Request: POST https://api.telegram.org/bot8582855118:AAHs4R7-AIyW9BxT1P9cAIi4HLyRzcn2k3U/getUpdates "HTTP/1.1 200 OK"
2025-12-03 21:56:21,076 - INFO - HTTP Request: POST https://api.telegram.org/bot8582855118:AAHs4R7-AIyW9BxT1P9cAIi4HLyRzcn2k3U/getUpdates "HTTP/1.1 200 OK"
2025-12-03 21:56:31,475 - INFO - HTTP Request: POST https://api.telegram.org/bot8582855118:AAHs4R7-AIyW9BxT1P9cAIi4HLyRzcn2k3U/getUpdates "HTTP/1.1 200 OK"
2025-12-03 21:56:41,886 - INFO - HTTP Request: POST https://api.telegram.org/bot8582855118:AAHs4R7-AIyW9BxT1P9cAIi4HLyRzcn2k3U/getUpdates "HTTP/1.1 200 OK"
2025-12-03 21:56:52,267 - INFO - HTTP Request: POST https://api.telegram.org/bot8582855118:AAHs4R7-AIyW9BxT1P9cAIi4HLyRzcn2k3U/getUpdates "HTTP/1.1 200 OK"
2025-12-03 21:57:03,202 - INFO - HTTP Request: POST https://api.telegram.org/bot8582855118:AAHs4R7-AIyW9BxT1P9cAIi4HLyRzcn2k3U/getUpdates "HTTP/1.1 200 OK"
2025-12-03 21:57:12,795 - INFO - HTTP Request: POST https://api.telegram.org/bot8582855118:AAHs4R7-AIyW9BxT1P9cAIi4HLyRzcn2k3U/getUpdates "HTTP/1.1 200 OK"
2025-12-03 21:57:23,557 - INFO - HTTP Request: POST https://api.telegram.org/bot8582855118:AAHs4R7-AIyW9BxT1P9cAIi4HLyRzcn2k3U/getUpdates "HTTP/1.1 200 OK"
2025-12-03 21:57:34,041 - INFO - HTTP Request: POST https://api.telegram.org/bot8582855118:AAHs4R7-AIyW9BxT1P9cAIi4HLyRzcn2k3U/getUpdates "HTTP/1.1 200 OK"
2025-12-03 21:57:43,298 - INFO - HTTP Request: POST https://api.telegram.org/bot8582855118:AAHs4R7-AIyW9BxT1P9cAIi4HLyRzcn2k3U/getUpdates "HTTP/1.1 200 OK"
2025-12-03 21:57:53,095 - INFO - HTTP Request: POST https://api.telegram.org/bot8582855118:AAHs4R7-AIyW9BxT1P9cAIi4HLyRzcn2k3U/getUpdates "HTTP/1.1 200 OK"
2025-12-03 21:58:03,230 - INFO - HTTP Request: POST https://api.telegram.org/bot8582855118:AAHs4R7-AIyW9BxT1P9cAIi4HLyRzcn2k3U/getUpdates "HTTP/1.1 200 OK"
2025-12-03 21:58:14,191 - INFO - HTTP Request: POST https://api.telegram.org/bot8582855118:AAHs4R7-AIyW9BxT1P9cAIi4HLyRzcn2k3U/getUpdates "HTTP/1.1 200 OK"
2025-12-03 21:58:24,317 - INFO - HTTP Request: POST https://api.telegram.org/bot8582855118:AAHs4R7-AIyW9BxT1P9cAIi4HLyRzcn2k3U/getUpdates "HTTP/1.1 200 OK"
2025-12-03 21:58:34,234 - INFO - HTTP Request: POST https://api.telegram.org/bot8582855118:AAHs4R7-AIyW9BxT1P9cAIi4HLyRzcn2k3U/getUpdates "HTTP/1.1 200 OK"
2025-12-03 21:58:44,228 - INFO - HTTP Request: POST https://api.telegram.org/bot8582855118:AAHs4R7-AIyW9BxT1P9cAIi4HLyRzcn2k3U/getUpdates "HTTP/1.1 200 OK"
2025-12-03 21:58:55,422 - INFO - HTTP Request: POST https://api.telegram.org/bot8582855118:AAHs4R7-AIyW9BxT1P9cAIi4HLyRzcn2k3U/getUpdates "HTTP/1.1 200 OK"
2025-12-03 21:58:59,600 - INFO - Application is stopping. This might take a moment.
2025-12-03 21:58:59,601 - INFO - Application.stop() complete
